Archive member included to satisfy reference by file (symbol)

/Users/felipeneves/Documents/toolchains/arm-gcc/bin/../lib/gcc/arm-none-eabi/5.3.1/../../../../arm-none-eabi/lib/armv7e-m/fpu/fpv5-sp-d16/libm.a(lib_a-s_modf.o)
                              debug_util/fsl_debug_console.o (modf)
/Users/felipeneves/Documents/toolchains/arm-gcc/bin/../lib/gcc/arm-none-eabi/5.3.1/../../../../arm-none-eabi/lib/armv7e-m/fpu/fpv5-sp-d16/libm.a(lib_a-w_pow.o)
                              debug_util/fsl_debug_console.o (pow)
/Users/felipeneves/Documents/toolchains/arm-gcc/bin/../lib/gcc/arm-none-eabi/5.3.1/../../../../arm-none-eabi/lib/armv7e-m/fpu/fpv5-sp-d16/libm.a(lib_a-e_pow.o)
                              /Users/felipeneves/Documents/toolchains/arm-gcc/bin/../lib/gcc/arm-none-eabi/5.3.1/../../../../arm-none-eabi/lib/armv7e-m/fpu/fpv5-sp-d16/libm.a(lib_a-w_pow.o) (__ieee754_pow)
/Users/felipeneves/Documents/toolchains/arm-gcc/bin/../lib/gcc/arm-none-eabi/5.3.1/../../../../arm-none-eabi/lib/armv7e-m/fpu/fpv5-sp-d16/libm.a(lib_a-e_sqrt.o)
                              /Users/felipeneves/Documents/toolchains/arm-gcc/bin/../lib/gcc/arm-none-eabi/5.3.1/../../../../arm-none-eabi/lib/armv7e-m/fpu/fpv5-sp-d16/libm.a(lib_a-e_pow.o) (__ieee754_sqrt)
/Users/felipeneves/Documents/toolchains/arm-gcc/bin/../lib/gcc/arm-none-eabi/5.3.1/../../../../arm-none-eabi/lib/armv7e-m/fpu/fpv5-sp-d16/libm.a(lib_a-s_fabs.o)
                              /Users/felipeneves/Documents/toolchains/arm-gcc/bin/../lib/gcc/arm-none-eabi/5.3.1/../../../../arm-none-eabi/lib/armv7e-m/fpu/fpv5-sp-d16/libm.a(lib_a-e_pow.o) (fabs)
/Users/felipeneves/Documents/toolchains/arm-gcc/bin/../lib/gcc/arm-none-eabi/5.3.1/../../../../arm-none-eabi/lib/armv7e-m/fpu/fpv5-sp-d16/libm.a(lib_a-s_finite.o)
                              /Users/felipeneves/Documents/toolchains/arm-gcc/bin/../lib/gcc/arm-none-eabi/5.3.1/../../../../arm-none-eabi/lib/armv7e-m/fpu/fpv5-sp-d16/libm.a(lib_a-w_pow.o) (finite)
/Users/felipeneves/Documents/toolchains/arm-gcc/bin/../lib/gcc/arm-none-eabi/5.3.1/../../../../arm-none-eabi/lib/armv7e-m/fpu/fpv5-sp-d16/libm.a(lib_a-s_lib_ver.o)
                              /Users/felipeneves/Documents/toolchains/arm-gcc/bin/../lib/gcc/arm-none-eabi/5.3.1/../../../../arm-none-eabi/lib/armv7e-m/fpu/fpv5-sp-d16/libm.a(lib_a-w_pow.o) (__fdlib_version)
/Users/felipeneves/Documents/toolchains/arm-gcc/bin/../lib/gcc/arm-none-eabi/5.3.1/../../../../arm-none-eabi/lib/armv7e-m/fpu/fpv5-sp-d16/libm.a(lib_a-s_matherr.o)
                              /Users/felipeneves/Documents/toolchains/arm-gcc/bin/../lib/gcc/arm-none-eabi/5.3.1/../../../../arm-none-eabi/lib/armv7e-m/fpu/fpv5-sp-d16/libm.a(lib_a-w_pow.o) (matherr)
/Users/felipeneves/Documents/toolchains/arm-gcc/bin/../lib/gcc/arm-none-eabi/5.3.1/../../../../arm-none-eabi/lib/armv7e-m/fpu/fpv5-sp-d16/libm.a(lib_a-s_nan.o)
                              /Users/felipeneves/Documents/toolchains/arm-gcc/bin/../lib/gcc/arm-none-eabi/5.3.1/../../../../arm-none-eabi/lib/armv7e-m/fpu/fpv5-sp-d16/libm.a(lib_a-e_pow.o) (nan)
/Users/felipeneves/Documents/toolchains/arm-gcc/bin/../lib/gcc/arm-none-eabi/5.3.1/../../../../arm-none-eabi/lib/armv7e-m/fpu/fpv5-sp-d16/libm.a(lib_a-s_rint.o)
                              /Users/felipeneves/Documents/toolchains/arm-gcc/bin/../lib/gcc/arm-none-eabi/5.3.1/../../../../arm-none-eabi/lib/armv7e-m/fpu/fpv5-sp-d16/libm.a(lib_a-w_pow.o) (rint)
/Users/felipeneves/Documents/toolchains/arm-gcc/bin/../lib/gcc/arm-none-eabi/5.3.1/../../../../arm-none-eabi/lib/armv7e-m/fpu/fpv5-sp-d16/libm.a(lib_a-s_scalbn.o)
                              /Users/felipeneves/Documents/toolchains/arm-gcc/bin/../lib/gcc/arm-none-eabi/5.3.1/../../../../arm-none-eabi/lib/armv7e-m/fpu/fpv5-sp-d16/libm.a(lib_a-e_pow.o) (scalbn)
/Users/felipeneves/Documents/toolchains/arm-gcc/bin/../lib/gcc/arm-none-eabi/5.3.1/../../../../arm-none-eabi/lib/armv7e-m/fpu/fpv5-sp-d16/libm.a(lib_a-s_copysign.o)
                              /Users/felipeneves/Documents/toolchains/arm-gcc/bin/../lib/gcc/arm-none-eabi/5.3.1/../../../../arm-none-eabi/lib/armv7e-m/fpu/fpv5-sp-d16/libm.a(lib_a-s_scalbn.o) (copysign)
/Users/felipeneves/Documents/toolchains/arm-gcc/bin/../lib/gcc/arm-none-eabi/5.3.1/armv7e-m/fpu/fpv5-sp-d16/libgcc.a(_arm_addsubdf3.o)
                              debug_util/fsl_debug_console.o (__aeabi_dsub)
/Users/felipeneves/Documents/toolchains/arm-gcc/bin/../lib/gcc/arm-none-eabi/5.3.1/armv7e-m/fpu/fpv5-sp-d16/libgcc.a(_arm_muldivdf3.o)
                              debug_util/fsl_debug_console.o (__aeabi_dmul)
/Users/felipeneves/Documents/toolchains/arm-gcc/bin/../lib/gcc/arm-none-eabi/5.3.1/armv7e-m/fpu/fpv5-sp-d16/libgcc.a(_arm_cmpdf2.o)
                              debug_util/fsl_debug_console.o (__aeabi_dcmpeq)
/Users/felipeneves/Documents/toolchains/arm-gcc/bin/../lib/gcc/arm-none-eabi/5.3.1/armv7e-m/fpu/fpv5-sp-d16/libgcc.a(_arm_unorddf2.o)
[...]
Memory Configuration

Name             Origin             Length             Attributes
m_interrupts     0x0000000000000000 0x00000000000003c0 xr
m_bootloader_config 0x00000000000003c0 0x0000000000000040 xr
m_flash_config   0x0000000000000400 0x0000000000000010 xr
m_text           0x0000000000000410 0x000000000003fbf0 xr
m_data           0x000000001fff0000 0x0000000000010000 rw
m_data_2         0x0000000020000000 0x0000000000030000 rw
*default*        0x0000000000000000 0xffffffffffffffff

Linker script and memory map

LOAD /Users/felipeneves/Documents/toolchains/arm-gcc/bin/../lib/gcc/arm-none-eabi/5.3.1/armv7e-m/fpu/fpv5-sp-d16/crti.o
LOAD /Users/felipeneves/Documents/toolchains/arm-gcc/bin/../lib/gcc/arm-none-eabi/5.3.1/armv7e-m/fpu/fpv5-sp-d16/crtbegin.o
LOAD /Users/felipeneves/Documents/toolchains/arm-gcc/bin/../lib/gcc/arm-none-eabi/5.3.1/../../../../arm-none-eabi/lib/armv7e-m/fpu/fpv5-sp-d16/crt0.o
START GROUP
LOAD ../os/Source/croutine.o
LOAD ../os/Source/event_groups.o
LOAD ../os/Source/list.o
LOAD ../os/Source/queue.o
LOAD ../os/Source/tasks.o
LOAD ../os/Source/timers.o
LOAD ../os/Source/portable/GCC/ARM_CM4F/port.o
LOAD ../os/Source/portable/MemMang/heap_2.o
LOAD drivers/fsl_adc16.o
LOAD drivers/fsl_clock.o
LOAD drivers/fsl_cmp.o
LOAD drivers/fsl_cmt.o
LOAD drivers/fsl_common.o
LOAD drivers/fsl_crc.o
LOAD drivers/fsl_dac.o
LOAD drivers/fsl_dmamux.o
LOAD drivers/fsl_dspi.o
LOAD drivers/fsl_dspi_edma.o
LOAD drivers/fsl_dspi_freertos.o
LOAD drivers/fsl_edma.o
LOAD drivers/fsl_ewm.o
LOAD drivers/fsl_flash.o
LOAD drivers/fsl_flexbus.o
LOAD drivers/fsl_flexio.o
LOAD drivers/fsl_flexio_camera.o
LOAD drivers/fsl_flexio_camera_edma.o
LOAD drivers/fsl_flexio_i2c_master.o
LOAD drivers/fsl_flexio_i2s.o
LOAD drivers/fsl_flexio_i2s_edma.o
LOAD drivers/fsl_flexio_spi.o
LOAD drivers/fsl_flexio_spi_edma.o
LOAD drivers/fsl_flexio_uart.o
LOAD drivers/fsl_flexio_uart_edma.o
LOAD drivers/fsl_ftm.o
LOAD drivers/fsl_gpio.o
LOAD drivers/fsl_i2c.o
LOAD drivers/fsl_i2c_edma.o
LOAD drivers/fsl_i2c_freertos.o
LOAD drivers/fsl_llwu.o
LOAD drivers/fsl_lmem_cache.o
LOAD drivers/fsl_lptmr.o
LOAD drivers/fsl_lpuart.o
LOAD drivers/fsl_lpuart_edma.o
LOAD drivers/fsl_lpuart_freertos.o
LOAD drivers/fsl_ltc.o
LOAD drivers/fsl_ltc_edma.o
LOAD drivers/fsl_mpu.o
LOAD drivers/fsl_pdb.o
LOAD drivers/fsl_pit.o
LOAD drivers/fsl_pmc.o
LOAD drivers/fsl_qspi.o
LOAD drivers/fsl_qspi_edma.o
LOAD drivers/fsl_rcm.o
LOAD drivers/fsl_rtc.o
LOAD drivers/fsl_sai.o
LOAD drivers/fsl_sai_edma.o
LOAD drivers/fsl_sdhc.o
LOAD drivers/fsl_sdramc.o
LOAD drivers/fsl_sim.o
LOAD drivers/fsl_smc.o
LOAD drivers/fsl_tpm.o
LOAD drivers/fsl_trng.o
LOAD drivers/fsl_tsi_v4.o
LOAD drivers/fsl_vref.o
LOAD drivers/fsl_wdog.o
LOAD ../usb_cdc/usb_device_cdc_acm.o
LOAD ../usb_cdc/usb_device_ch9.o
LOAD ../usb_cdc/usb_device_class.o
LOAD ../usb_cdc/usb_device_descriptor.o
LOAD ../usb_cdc/usb_stack/device/usb_device_dci.o
LOAD ../usb_cdc/usb_stack/device/usb_device_khci.o
LOAD ../usb_cdc/usb_stack/osa/usb_osa_freertos.o
LOAD debug_util/fsl_debug_console.o
LOAD debug_util/fsl_notifier.o
LOAD debug_util/fsl_sbrk.o
LOAD board/board.o
LOAD board/clock_config.o
LOAD board/pin_mux.o
LOAD flow_sensor.o
LOAD motion_estimator.o
LOAD sensor_app.o
LOAD system/system_MK82F25615.o
LOAD ov7670/flexio_ov7670.o
LOAD ov7670/fsl_sccb_master_driver.o
LOAD ov7670/ov7670_driver.o
LOAD /var/folders/wv/1vw_7vkx389fy9rnb4zx77wr0000gn/T//ccalYljw.o
END GROUP
LOAD /Users/felipeneves/Documents/toolchains/arm-gcc/bin/../lib/gcc/arm-none-eabi/5.3.1/../../../../arm-none-eabi/lib/armv7e-m/fpu/fpv5-sp-d16/libstdc++.a
LOAD /Users/felipeneves/Documents/toolchains/arm-gcc/bin/../lib/gcc/arm-none-eabi/5.3.1/../../../../arm-none-eabi/lib/armv7e-m/fpu/fpv5-sp-d16/libm.a
START GROUP
LOAD /Users/felipeneves/Documents/toolchains/arm-gcc/bin/../lib/gcc/arm-none-eabi/5.3.1/armv7e-m/fpu/fpv5-sp-d16/libgcc.a
LOAD /Users/felipeneves/Documents/toolchains/arm-gcc/bin/../lib/gcc/arm-none-eabi/5.3.1/../../../../arm-none-eabi/lib/armv7e-m/fpu/fpv5-sp-d16/libg.a
LOAD /Users/felipeneves/Documents/toolchains/arm-gcc/bin/../lib/gcc/arm-none-eabi/5.3.1/../../../../arm-none-eabi/lib/armv7e-m/fpu/fpv5-sp-d16/libc.a
END GROUP
START GROUP
LOAD /Users/felipeneves/Documents/toolchains/arm-gcc/bin/../lib/gcc/arm-none-eabi/5.3.1/armv7e-m/fpu/fpv5-sp-d16/libgcc.a
LOAD /Users/felipeneves/Documents/toolchains/arm-gcc/bin/../lib/gcc/arm-none-eabi/5.3.1/../../../../arm-none-eabi/lib/armv7e-m/fpu/fpv5-sp-d16/libc.a
LOAD /Users/felipeneves/Documents/toolchains/arm-gcc/bin/../lib/gcc/arm-none-eabi/5.3.1/../../../../arm-none-eabi/lib/armv7e-m/fpu/fpv5-sp-d16/libnosys.a
END GROUP
LOAD /Users/felipeneves/Documents/toolchains/arm-gcc/bin/../lib/gcc/arm-none-eabi/5.3.1/armv7e-m/fpu/fpv5-sp-d16/crtend.o
LOAD /Users/felipeneves/Documents/toolchains/arm-gcc/bin/../lib/gcc/arm-none-eabi/5.3.1/armv7e-m/fpu/fpv5-sp-d16/crtn.o
                0x0000000000000400                HEAP_SIZE = DEFINED (__heap_size__)?__heap_size__:0x400
                0x0000000000000400                STACK_SIZE = DEFINED (__stack_size__)?__stack_size__:0x400
                0x0000000000000000                M_VECTOR_RAM_SIZE = DEFINED (__ram_vector_table__)?0x3c0:0x0

.interrupts     0x0000000000000000      0x3c0
                0x0000000000000000                __VECTOR_TABLE = .
                0x0000000000000000                . = ALIGN (0x4)
 *(.isr_vector)
 .isr_vector    0x0000000000000000      0x3c0 /var/folders/wv/1vw_7vkx389fy9rnb4zx77wr0000gn/T//ccalYljw.o
                0x0000000000000000                __isr_vector
                0x00000000000003c0                . = ALIGN (0x4)

.bootloader_config
                0x00000000000003c0        0x0
                0x00000000000003c0                . = ALIGN (0x4)
 *(.BootloaderConfig)
                0x00000000000003c0                . = ALIGN (0x4)

.flash_config   0x0000000000000400       0x10
                0x0000000000000400                . = ALIGN (0x4)
 *(.FlashConfig)
 .FlashConfig   0x0000000000000400       0x10 /var/folders/wv/1vw_7vkx389fy9rnb4zx77wr0000gn/T//ccalYljw.o
                0x0000000000000410                . = ALIGN (0x4)

.text           0x0000000000000440    0x1a624
                0x0000000000000440                . = ALIGN (0x4)
 *(.text)
 .text          0x0000000000000440       0x5c /Users/felipeneves/Documents/toolchains/arm-gcc/bin/../lib/gcc/arm-none-eabi/5.3.1/armv7e-m/fpu/fpv5-sp-d16/crtbegin.o
 .text          0x000000000000049c      0x16c ../os/Source/list.o
                0x000000000000049c                vListInitialise
                0x00000000000004dc                vListInitialiseItem
                0x00000000000004f8                vListInsertEnd
                0x0000000000000540                vListInsert
                0x00000000000005b4                uxListRemove
 .text          0x0000000000000608      0xf1c ../os/Source/queue.o
                0x0000000000000608                xQueueGenericReset
                0x00000000000006d8                xQueueGenericCreate
                0x000000000000078c                xQueueCreateMutex
                0x0000000000000810                xQueueCreateCountingSemaphore
                0x000000000000088c                xQueueGenericSend
                0x0000000000000a74                xQueueGenericSendFromISR
                0x0000000000000b8c                xQueueGiveFromISR
                0x0000000000000c8c                xQueueGenericReceive
                0x0000000000000e94                xQueueReceiveFromISR
                0x0000000000000f7c                xQueuePeekFromISR
                0x0000000000001048                uxQueueMessagesWaiting
                0x0000000000001084                uxQueueSpacesAvailable
                0x00000000000010c8                uxQueueMessagesWaitingFromISR
                0x0000000000001100                vQueueDelete
                0x000000000000113c                uxQueueGetQueueNumber
                0x0000000000001154                vQueueSetQueueNumber
                0x0000000000001170                ucQueueGetQueueType
                0x0000000000001374                xQueueIsQueueEmptyFromISR
                0x00000000000013e8                xQueueIsQueueFullFromISR
                0x0000000000001430                vQueueAddToRegistry
                0x0000000000001480                vQueueUnregisterQueue
                0x00000000000014c8                vQueueWaitForMessageRestricted
 .text          0x0000000000001524     0x21b4 ../os/Source/tasks.o
                0x0000000000001524                xTaskGenericCreate
                0x00000000000016c4                vTaskDelete
                0x00000000000017cc                vTaskDelayUntil
                0x00000000000018ec                vTaskDelay
                0x0000000000001990                eTaskGetState
                0x0000000000001a3c                uxTaskPriorityGet
                0x0000000000001a70                uxTaskPriorityGetFromISR
                0x0000000000001ac8                vTaskPrioritySet
                0x0000000000001c24                vTaskSuspend
                0x0000000000001da8                vTaskResume
                0x0000000000001e60                xTaskResumeFromISR
                0x0000000000001f40                vTaskStartScheduler
                0x0000000000001fd8                vTaskEndScheduler
                0x0000000000002008                vTaskSuspendAll
                0x0000000000002024                xTaskResumeAll
                0x000000000000214c                xTaskGetTickCount
                0x000000000000216c                xTaskGetTickCountFromISR
                0x0000000000002190                uxTaskGetNumberOfTasks
                0x00000000000021a8                uxTaskGetSystemState
                0x000000000000229c                xTaskIncrementTick
                0x00000000000023f8                vTaskSwitchContext
                0x00000000000024ac                vTaskPlaceOnEventList
                0x0000000000002548                vTaskPlaceOnUnorderedEventList
                0x0000000000002614                vTaskPlaceOnEventListRestricted
                0x00000000000026b0                xTaskRemoveFromEventList
                0x0000000000002774                xTaskRemoveFromUnorderedEventList
                0x0000000000002840                vTaskSetTimeOutState
                0x0000000000002888                xTaskCheckForTimeOut
                0x0000000000002944                vTaskMissedYield
                0x000000000000295c                uxTaskGetTaskNumber
                0x0000000000002988                vTaskSetTaskNumber
                0x0000000000002e18                xTaskGetCurrentTaskHandle
                0x0000000000002e38                xTaskGetSchedulerState
                0x0000000000002e74                vTaskPriorityInherit
                0x0000000000002f60                xTaskPriorityDisinherit
                0x0000000000003068                uxTaskResetEventItemValue
                0x0000000000003098                pvTaskIncrementMutexHeldCount
                0x00000000000030c0                ulTaskNotifyTake
                0x00000000000031a8                xTaskNotifyWait
                0x00000000000032b4                xTaskGenericNotify
                0x00000000000033f4                xTaskGenericNotifyFromISR
                0x0000000000003574                vTaskNotifyGiveFromISR
                0x0000000000003688                xTaskNotifyStateClear
 .text          0x00000000000036d8      0x800 ../os/Source/timers.o
                0x00000000000036d8                xTimerCreateTimerTask
                0x000000000000373c                xTimerCreate
                0x00000000000037b4                xTimerGenericCommand
                0x000000000000384c                pcTimerGetTimerName
                0x0000000000003d74                xTimerIsTimerActive
                0x0000000000003dbc                pvTimerGetTimerID
                0x0000000000003dfc                vTimerSetTimerID
                0x0000000000003e3c                xTimerPendFunctionCallFromISR
                0x0000000000003e7c                xTimerPendFunctionCall
 .text          0x0000000000003ed8      0x43c ../os/Source/portable/GCC/ARM_CM4F/port.o
                0x0000000000003ed8                pxPortInitialiseStack
                0x0000000000003f78                SVC_Handler
                0x0000000000003fb8                xPortStartScheduler
                0x00000000000040d0                vPortEndScheduler
                0x0000000000004104                vPortEnterCritical
                0x0000000000004160                vPortExitCritical
                0x00000000000041b0                PendSV_Handler
                0x0000000000004200                SysTick_Handler
                0x0000000000004248                vPortSetupTimerInterrupt
                0x0000000000004290                vPortValidateInterruptPriority
 .text          0x0000000000004314      0x20c ../os/Source/portable/MemMang/heap_2.o
                0x0000000000004314                pvPortMalloc
                0x0000000000004430                vPortFree
                0x00000000000044a4                xPortGetFreeHeapSize
                0x00000000000044bc                vPortInitialiseBlocks
 .text          0x0000000000004520     0x1b30 drivers/fsl_clock.o
                0x00000000000048c4                CLOCK_GetOsc0ErClkUndivFreq
                0x000000000000490c                CLOCK_GetOsc0ErClkDivFreq
                0x0000000000004964                CLOCK_GetEr32kClkFreq
                0x00000000000049e4                CLOCK_GetPllFllSelClkFreq
                0x0000000000004a68                CLOCK_GetOsc0ErClkFreq
                0x0000000000004a78                CLOCK_GetPlatClkFreq
                0x0000000000004aa0                CLOCK_GetFlashClkFreq
                0x0000000000004ac8                CLOCK_GetFlexBusClkFreq
                0x0000000000004af0                CLOCK_GetBusClkFreq
                0x0000000000004b18                CLOCK_GetCoreSysClkFreq
                0x0000000000004b40                CLOCK_GetFreq
                0x0000000000004c90                CLOCK_SetSimConfig
                0x0000000000004cd4                CLOCK_EnableUsbfs0Clock
                0x0000000000004dd4                CLOCK_GetOutClkFreq
                0x0000000000004e38                CLOCK_GetFllFreq
                0x0000000000004eb0                CLOCK_GetInternalRefClkFreq
                0x0000000000004ed4                CLOCK_GetFixedFreqClkFreq
                0x0000000000004f04                CLOCK_GetPll0Freq
                0x0000000000004f60                CLOCK_SetExternalRefClkConfig
                0x0000000000004ff0                CLOCK_SetInternalRefClkConfig
                0x00000000000050f4                CLOCK_CalcPllDiv
                0x0000000000005268                CLOCK_EnablePll0
                0x00000000000052fc                CLOCK_SetOsc0MonitorMode
                0x0000000000005378                CLOCK_SetRtcOscMonitorMode
                0x00000000000053c4                CLOCK_SetPll0MonitorMode
                0x0000000000005438                CLOCK_GetStatusFlags
                0x00000000000054bc                CLOCK_ClearStatusFlags
                0x0000000000005514                CLOCK_InitOsc0
                0x00000000000055a0                CLOCK_DeinitOsc0
                0x00000000000055cc                CLOCK_TrimInternalRefClk
                0x0000000000005704                CLOCK_GetMode
                0x00000000000057c0                CLOCK_SetFeiMode
                0x0000000000005874                CLOCK_SetFeeMode
                0x0000000000005954                CLOCK_SetFbiMode
                0x0000000000005a18                CLOCK_SetFbeMode
                0x0000000000005b1c                CLOCK_SetBlpiMode
                0x0000000000005b40                CLOCK_SetBlpeMode
                0x0000000000005b64                CLOCK_SetPbeMode
                0x0000000000005bfc                CLOCK_SetPeeMode
                0x0000000000005c34                CLOCK_ExternalModeToFbeModeQuick
                0x0000000000005ca0                CLOCK_InternalModeToFbiModeQuick
                0x0000000000005cec                CLOCK_BootToFeiMode
                0x0000000000005d0c                CLOCK_BootToFeeMode
                0x0000000000005d48                CLOCK_BootToBlpiMode
                0x0000000000005dac                CLOCK_BootToBlpeMode
                0x0000000000005e04                CLOCK_BootToPeeMode
                0x0000000000005e78                CLOCK_SetMcgConfig
 .text          0x0000000000006050       0x9c drivers/fsl_common.o
                0x0000000000006050                __assert_func
                0x0000000000006078                InstallIRQHandler
 .text          0x00000000000060ec      0x10c drivers/fsl_dmamux.o
                0x00000000000061b0                DMAMUX_Init
                0x00000000000061d4                DMAMUX_Deinit
 .text          0x00000000000061f8     0x1d84 drivers/fsl_dspi.o
                0x0000000000006470                DSPI_GetInstance
                0x00000000000064c8                DSPI_MasterInit
                0x000000000000662c                DSPI_MasterGetDefaultConfig
                0x00000000000066a8                DSPI_SlaveInit
                0x000000000000678c                DSPI_SlaveGetDefaultConfig
                0x00000000000067d0                DSPI_Deinit
                0x0000000000006858                DSPI_MasterSetBaudRate
                0x0000000000006978                DSPI_MasterSetDelayScaler
                0x0000000000006a4c                DSPI_MasterSetDelayTimes
                0x0000000000006b74                DSPI_GetDefaultDataCommandConfig
                0x0000000000006ba8                DSPI_MasterWriteDataBlocking
                0x0000000000006c3c                DSPI_MasterWriteCommandDataBlocking
                0x0000000000006c94                DSPI_SlaveWriteDataBlocking
                0x0000000000006cec                DSPI_EnableInterrupts
                0x0000000000006d3c                DSPI_MasterTransferCreateHandle
                0x0000000000006d9c                DSPI_MasterTransferBlocking
                0x00000000000073dc                DSPI_MasterTransferNonBlocking
                0x0000000000007484                DSPI_MasterTransferGetCount
                0x00000000000076d8                DSPI_MasterTransferAbort
                0x0000000000007704                DSPI_MasterTransferHandleIRQ
                0x0000000000007858                DSPI_SlaveTransferCreateHandle
                0x00000000000078b8                DSPI_SlaveTransferNonBlocking
                0x00000000000079f8                DSPI_SlaveTransferGetCount
                0x0000000000007bdc                DSPI_SlaveTransferAbort
                0x0000000000007c14                DSPI_SlaveTransferHandleIRQ
                0x0000000000007ebc                SPI0_DriverIRQHandler
                0x0000000000007efc                SPI1_DriverIRQHandler
                0x0000000000007f3c                SPI2_DriverIRQHandler
 .text          0x0000000000007f7c     0x1fc8 drivers/fsl_edma.o
                0x0000000000008230                EDMA_Init
                0x00000000000082c0                EDMA_Deinit
                0x00000000000082e4                EDMA_GetDefaultConfig
                0x000000000000832c                EDMA_ResetChannel
                0x000000000000836c                EDMA_SetTransferConfig
                0x00000000000083e4                EDMA_SetMinorOffsetConfig
                0x0000000000008480                EDMA_SetChannelLink
                0x00000000000084e0                EDMA_SetBandWidth
                0x000000000000854c                EDMA_SetModulo
                0x00000000000085d4                EDMA_EnableChannelInterrupts
                0x000000000000868c                EDMA_DisableChannelInterrupts
                0x0000000000008744                EDMA_TcdReset
                0x00000000000087d0                EDMA_TcdSetTransferConfig
                0x00000000000088e0                EDMA_TcdSetMinorOffsetConfig
                0x0000000000008968                EDMA_TcdSetChannelLink
                0x0000000000008abc                EDMA_TcdSetModulo
                0x0000000000008b44                EDMA_TcdEnableInterrupts
                0x0000000000008bac                EDMA_TcdDisableInterrupts
                0x0000000000008c14                EDMA_GetRemainingBytes
                0x0000000000008d10                EDMA_GetChannelStatusFlags
                0x0000000000008d94                EDMA_ClearChannelStatusFlags
                0x0000000000008e00                EDMA_CreateHandle
                0x0000000000008ee0                EDMA_InstallTCDMemory
                0x0000000000008f58                EDMA_SetCallback
                0x0000000000008f98                EDMA_PrepareTransfer
                0x000000000000925c                EDMA_SubmitTransfer
                0x0000000000009518                EDMA_StartTransfer
                0x00000000000095d8                EDMA_StopTransfer
                0x0000000000009628                EDMA_AbortTransfer
                0x0000000000009678                EDMA_HandleIRQ
                0x00000000000097c4                DMA0_DMA16_IRQHandler
                0x000000000000980c                DMA1_DMA17_IRQHandler
                0x0000000000009854                DMA2_DMA18_IRQHandler
                0x000000000000989c                DMA3_DMA19_IRQHandler
                0x00000000000098e4                DMA4_DMA20_IRQHandler
                0x000000000000992c                DMA5_DMA21_IRQHandler
                0x0000000000009974                DMA6_DMA22_IRQHandler
                0x00000000000099bc                DMA7_DMA23_IRQHandler
                0x0000000000009a04                DMA8_DMA24_IRQHandler
                0x0000000000009a4c                DMA9_DMA25_IRQHandler
                0x0000000000009a94                DMA10_DMA26_IRQHandler
                0x0000000000009adc                DMA11_DMA27_IRQHandler
                0x0000000000009b24                DMA12_DMA28_IRQHandler
                0x0000000000009b6c                DMA13_DMA29_IRQHandler
                0x0000000000009bb4                DMA14_DMA30_IRQHandler
                0x0000000000009bfc                DMA15_DMA31_IRQHandler
                0x0000000000009c44                DMA0_DriverIRQHandler
                0x0000000000009c5c                DMA1_DriverIRQHandler
                0x0000000000009c74                DMA2_DriverIRQHandler
                0x0000000000009c8c                DMA3_DriverIRQHandler
                0x0000000000009ca4                DMA4_DriverIRQHandler
                0x0000000000009cbc                DMA5_DriverIRQHandler
                0x0000000000009cd4                DMA6_DriverIRQHandler
                0x0000000000009cec                DMA7_DriverIRQHandler
                0x0000000000009d04                DMA8_DriverIRQHandler
                0x0000000000009d1c                DMA9_DriverIRQHandler
                0x0000000000009d34                DMA10_DriverIRQHandler
                0x0000000000009d4c                DMA11_DriverIRQHandler
                0x0000000000009d64                DMA12_DriverIRQHandler
                0x0000000000009d7c                DMA13_DriverIRQHandler
                0x0000000000009d94                DMA14_DriverIRQHandler
                0x0000000000009dac                DMA15_DriverIRQHandler
                0x0000000000009dc4                DMA16_DriverIRQHandler
                0x0000000000009ddc                DMA17_DriverIRQHandler
                0x0000000000009df4                DMA18_DriverIRQHandler
                0x0000000000009e0c                DMA19_DriverIRQHandler
                0x0000000000009e24                DMA20_DriverIRQHandler
                0x0000000000009e3c                DMA21_DriverIRQHandler
                0x0000000000009e54                DMA22_DriverIRQHandler
                0x0000000000009e6c                DMA23_DriverIRQHandler
                0x0000000000009e84                DMA24_DriverIRQHandler
                0x0000000000009e9c                DMA25_DriverIRQHandler
                0x0000000000009eb4                DMA26_DriverIRQHandler
                0x0000000000009ecc                DMA27_DriverIRQHandler
                0x0000000000009ee4                DMA28_DriverIRQHandler
                0x0000000000009efc                DMA29_DriverIRQHandler
                0x0000000000009f14                DMA30_DriverIRQHandler
                0x0000000000009f2c                DMA31_DriverIRQHandler
 .text          0x0000000000009f44      0x5b0 drivers/fsl_flexio.o
                0x0000000000009fec                FLEXIO_Init
                0x000000000000a054                FLEXIO_Deinit
                0x000000000000a078                FLEXIO_GetDefaultConfig
                0x000000000000a0c0                FLEXIO_Reset
                0x000000000000a0e8                FLEXIO_GetShifterBufferAddress
                0x000000000000a1b8                FLEXIO_SetShifterConfig
                0x000000000000a254                FLEXIO_SetTimerConfig
                0x000000000000a338                FLEXIO_RegisterHandleIRQ
                0x000000000000a3f0                FLEXIO_UnregisterHandleIRQ
                0x000000000000a47c                FLEXIO_CommonIRQHandler
                0x000000000000a4d0                FLEXIO_DriverIRQHandler
                0x000000000000a4dc                FLEXIO0_DriverIRQHandler
                0x000000000000a4e8                UART2_FLEXIO_DriverIRQHandler
 .text          0x000000000000a4f4      0x480 drivers/fsl_flexio_camera.o
                0x000000000000a65c                FLEXIO_CAMERA_GetDefaultConfig
                0x000000000000a6a4                FLEXIO_CAMERA_Init
                0x000000000000a86c                FLEXIO_CAMERA_Deinit
                0x000000000000a890                FLEXIO_CAMERA_GetStatusFlags
                0x000000000000a8c8                FLEXIO_CAMERA_ClearStatusFlags
                0x000000000000a92c                FLEXIO_CAMERA_EnableInterrupt
                0x000000000000a950                FLEXIO_CAMERA_DisableInterrupt
 .text          0x000000000000a974      0x16c drivers/fsl_gpio.o
                0x000000000000aa0c                GPIO_PinInit
                0x000000000000aa7c                GPIO_GetPinsInterruptFlags
                0x000000000000aaac                GPIO_ClearPinsInterruptFlags
 .text          0x000000000000aae0     0x1760 drivers/fsl_i2c.o
                0x000000000000ac78                I2C_GetInstance
                0x000000000000b050                I2C_MasterInit
                0x000000000000b138                I2C_MasterDeinit
                0x000000000000b168                I2C_MasterGetDefaultConfig
                0x000000000000b1bc                I2C_EnableInterrupts
                0x000000000000b208                I2C_DisableInterrupts
                0x000000000000b254                I2C_MasterSetBaudRate
                0x000000000000b334                I2C_MasterStart
                0x000000000000b3a8                I2C_MasterRepeatedStart
                0x000000000000b454                I2C_MasterStop
                0x000000000000b4ac                I2C_MasterGetStatusFlags
                0x000000000000b4f8                I2C_MasterWriteBlocking
                0x000000000000b5a8                I2C_MasterReadBlocking
                0x000000000000b668                I2C_MasterTransferBlocking
                0x000000000000b88c                I2C_MasterTransferCreateHandle
                0x000000000000b910                I2C_MasterTransferNonBlocking
                0x000000000000b98c                I2C_MasterTransferAbort
                0x000000000000b9cc                I2C_MasterTransferGetCount
                0x000000000000ba1c                I2C_MasterTransferHandleIRQ
                0x000000000000bad4                I2C_SlaveInit
                0x000000000000bc0c                I2C_SlaveDeinit
                0x000000000000bc3c                I2C_SlaveGetDefaultConfig
                0x000000000000bc90                I2C_SlaveWriteBlocking
                0x000000000000bcb0                I2C_SlaveReadBlocking
                0x000000000000bd1c                I2C_SlaveTransferCreateHandle
                0x000000000000bda0                I2C_SlaveTransferNonBlocking
                0x000000000000be1c                I2C_SlaveTransferAbort
                0x000000000000be74                I2C_SlaveTransferGetCount
                0x000000000000bed4                I2C_SlaveTransferHandleIRQ
                0x000000000000c1d0                I2C0_DriverIRQHandler
                0x000000000000c1ec                I2C1_DriverIRQHandler
                0x000000000000c208                I2C2_DriverIRQHandler
                0x000000000000c224                I2C3_DriverIRQHandler
 .text          0x000000000000c240     0x11d0 drivers/fsl_lpuart.o
                0x000000000000c340                LPUART_GetInstance
                0x000000000000c498                LPUART_Init
                0x000000000000c788                LPUART_Deinit
                0x000000000000c7f0                LPUART_GetDefaultConfig
                0x000000000000c84c                LPUART_SetBaudRate
                0x000000000000c980                LPUART_EnableInterrupts
                0x000000000000c9d0                LPUART_DisableInterrupts
                0x000000000000ca24                LPUART_GetEnabledInterrupts
                0x000000000000ca68                LPUART_GetStatusFlags
                0x000000000000ca94                LPUART_ClearStatusFlags
                0x000000000000cb28                LPUART_WriteBlocking
                0x000000000000cb68                LPUART_ReadBlocking
                0x000000000000cc18                LPUART_TransferCreateHandle
                0x000000000000ccb8                LPUART_TransferStartRingBuffer
                0x000000000000cd18                LPUART_TransferStopRingBuffer
                0x000000000000cd78                LPUART_TransferSendNonBlocking
                0x000000000000cde4                LPUART_TransferAbortSend
                0x000000000000ce10                LPUART_TransferGetSendCount
                0x000000000000ce54                LPUART_TransferReceiveNonBlocking
                0x000000000000cfb8                LPUART_TransferAbortReceive
                0x000000000000cfec                LPUART_TransferGetReceiveCount
                0x000000000000d030                LPUART_TransferHandleIRQ
                0x000000000000d308                LPUART_TransferHandleErrorIRQ
                0x000000000000d320                LPUART0_DriverIRQHandler
                0x000000000000d344                LPUART0_RX_TX_DriverIRQHandler
                0x000000000000d350                LPUART1_DriverIRQHandler
                0x000000000000d374                LPUART1_RX_TX_DriverIRQHandler
                0x000000000000d380                LPUART2_DriverIRQHandler
                0x000000000000d3a4                LPUART2_RX_TX_DriverIRQHandler
                0x000000000000d3b0                LPUART3_DriverIRQHandler
                0x000000000000d3d4                LPUART3_RX_TX_DriverIRQHandler
                0x000000000000d3e0                LPUART4_DriverIRQHandler
                0x000000000000d404                LPUART4_RX_TX_DriverIRQHandler
 .text          0x000000000000d410     0x1690 drivers/fsl_sai.o
                0x000000000000d6e0                SAI_GetInstance
                0x000000000000d848                SAI_TxInit
                0x000000000000da6c                SAI_RxInit
                0x000000000000dce0                SAI_Deinit
                0x000000000000dd14                SAI_TxGetDefaultConfig
                0x000000000000dd4c                SAI_RxGetDefaultConfig
                0x000000000000dd84                SAI_TxReset
                0x000000000000ddcc                SAI_RxReset
                0x000000000000de24                SAI_TxEnable
                0x000000000000de90                SAI_RxEnable
                0x000000000000df00                SAI_TxSetFormat
                0x000000000000dfd0                SAI_RxSetFormat
                0x000000000000e0bc                SAI_WriteBlocking
                0x000000000000e124                SAI_ReadBlocking
                0x000000000000e180                SAI_TransferTxCreateHandle
                0x000000000000e1e4                SAI_TransferRxCreateHandle
                0x000000000000e24c                SAI_TransferTxSetFormat
                0x000000000000e2c4                SAI_TransferRxSetFormat
                0x000000000000e33c                SAI_TransferSendNonBlocking
                0x000000000000e410                SAI_TransferReceiveNonBlocking
                0x000000000000e4e4                SAI_TransferGetSendCount
                0x000000000000e558                SAI_TransferGetReceiveCount
                0x000000000000e5cc                SAI_TransferAbortSend
                0x000000000000e634                SAI_TransferAbortReceive
                0x000000000000e69c                SAI_TransferTxHandleIRQ
                0x000000000000e860                SAI_TransferRxHandleIRQ
                0x000000000000ea20                I2S0_Tx_DriverIRQHandler
                0x000000000000ea60                I2S0_Rx_DriverIRQHandler
 .text          0x000000000000eaa0     0x16a4 drivers/fsl_sdhc.o
                0x000000000000f708                SDHC_Init
                0x000000000000f7f4                SDHC_Deinit
                0x000000000000f818                SDHC_Reset
                0x000000000000f86c                SDHC_GetCapability
                0x000000000000f8f4                SDHC_SetSdClock
                0x000000000000f9f8                SDHC_SetCardActive
                0x000000000000fa44                SDHC_SetTransferConfig
                0x000000000000fab8                SDHC_EnableSdioControl
                0x000000000000fb88                SDHC_SetMmcBootConfig
                0x000000000000fc1c                SDHC_SetAdmaTableConfig
                0x000000000000fd58                SDHC_TransferBlocking
                0x000000000000fe8c                SDHC_TransferCreateHandle
                0x000000000000ff3c                SDHC_TransferNonBlocking
                0x0000000000010048                SDHC_TransferHandleIRQ
                0x0000000000010104                SDHC_DriverIRQHandler
 .text          0x0000000000010144      0x394 drivers/fsl_smc.o
                0x0000000000010160                SMC_SetPowerModeRun
                0x000000000001018c                SMC_SetPowerModeHsrun
                0x00000000000101c0                SMC_SetPowerModeWait
                0x00000000000101e8                SMC_SetPowerModeStop
                0x0000000000010260                SMC_SetPowerModeVlpr
                0x0000000000010294                SMC_SetPowerModeVlpw
                0x00000000000102c8                SMC_SetPowerModeVlps
                0x0000000000010324                SMC_SetPowerModeLls
                0x00000000000103cc                SMC_SetPowerModeVlls
 .text          0x00000000000104d8     0x192c debug_util/fsl_debug_console.o
                0x0000000000010548                DbgConsole_Init
                0x00000000000105f4                DbgConsole_Deinit
                0x000000000001062c                DbgConsole_Printf
                0x000000000001066c                DbgConsole_Putchar
                0x00000000000106c0                DbgConsole_Scanf
                0x0000000000010754                DbgConsole_Getchar
                0x0000000000011d6c                _write
                0x0000000000011dc0                _read
 .text          0x0000000000011e04       0x5c debug_util/fsl_sbrk.o
                0x0000000000011e04                _sbrk
 .text          0x0000000000011e60       0x68 board/board.o
                0x0000000000011e9c                BOARD_InitDebugConsole
 .text          0x0000000000011ec8      0x194 board/clock_config.o
                0x0000000000011f44                BOARD_BootClockVLPR
                0x0000000000011f94                BOARD_BootClockRUN
                0x0000000000011fe8                BOARD_BootClockHSRUN
 .text          0x000000000001205c      0x2c4 board/pin_mux.o
                0x0000000000012188                BOARD_InitPins
 .text          0x0000000000012320       0x2c flow_sensor.o
                0x0000000000012320                main
                0x000000000001233c                vApplicationIdleHook
 .text          0x000000000001234c      0x42c motion_estimator.o
                0x0000000000012524                map
                0x000000000001255c                PORTB_IRQHandler
                0x00000000000126b8                motion_estimator_app_init
                0x0000000000012730                get_sensor_params
                0x0000000000012744                get_camera_buffer
 .text          0x0000000000012778       0x90 sensor_app.o
                0x00000000000127a8                start_sensor_app
 .text          0x0000000000012808      0x2c0 system/system_MK82F25615.o
                0x0000000000012808                SystemInit
                0x000000000001284c                SystemCoreClockUpdate
 .text          0x0000000000012ac8      0x5c8 ov7670/flexio_ov7670.o
                0x0000000000012c7c                FLEXIO_Ov7670Init
                0x0000000000012d5c                FLEXIO_Ov7670StartCapture
                0x0000000000012d7c                FLEXIO_Ov7670AsynCallback
 .text          0x0000000000013090      0x250 ov7670/fsl_sccb_master_driver.o
                0x0000000000013090                I2C_Read_OV7670_Reg
                0x0000000000013130                I2C_Write_OV7670_Reg
                0x00000000000131c8                I2C_MasterWriteWithStop
 .text          0x00000000000132e0      0xd10 ov7670/ov7670_driver.o
                0x000000000001330c                OV7670_Init
                0x00000000000133f4                OV7670_Deinit
                0x0000000000013428                OV7670_ModifyReg
                0x00000000000134b8                OV7670_ContrastAdjustment
                0x000000000001350c                OV7670_BrightnessAdjustment
                0x000000000001353c                OV7670_Configure
                0x0000000000013714                OV7670_OutputFormat
                0x0000000000013754                OV7670_Resolution
                0x0000000000013898                OV7670_SetWindow
                0x0000000000013924                OV7670_FrameRateAdjustment
                0x00000000000139bc                OV7670_NighMode
                0x00000000000139e4                OV7670_BandingFilterSelection
                0x0000000000013a5c                OV7670_WhiteBalance
                0x0000000000013bd0                OV7670_LightMode
                0x0000000000013cc0                OV7670_ColorSaturation
                0x0000000000013d60                OV7670_SpecialEffects
                0x0000000000013da8                OV7670_SetWindowByCoordinates
                0x0000000000013ebc                OV7670_GammaCurveSlope
 .text          0x0000000000013ff0      0x1ac /var/folders/wv/1vw_7vkx389fy9rnb4zx77wr0000gn/T//ccalYljw.o
                0x0000000000013ff0                Reset_Handler
                0x0000000000014060                Reserved111_IRQHandler
                0x0000000000014060                DebugMon_Handler
                0x0000000000014060                Reserved88_IRQHandler
                0x0000000000014060                DMA13_DMA29_DriverIRQHandler
                0x0000000000014060                PIT0CH2_IRQHandler
                0x0000000000014060                Reserved113_IRQHandler
                0x0000000000014060                FTM0_IRQHandler
                0x0000000000014060                Reserved51_IRQHandler
                0x0000000000014060                PORTA_IRQHandler
                0x0000000000014060                MCM_IRQHandler
                0x0000000000014060                FTFA_IRQHandler
                0x0000000000014060                PIT0CH3_IRQHandler
                0x0000000000014060                FTM3_IRQHandler
                0x0000000000014060                PORTE_IRQHandler
                0x0000000000014060                DMA5_DMA21_DriverIRQHandler
                0x0000000000014060                FTM2_IRQHandler
                0x0000000000014060                BusFault_Handler
                0x0000000000014060                DMA15_DMA31_DriverIRQHandler
                0x0000000000014060                PIT0CH1_IRQHandler
                0x0000000000014060                Reserved93_IRQHandler
                0x0000000000014060                CMP0_IRQHandler
                0x0000000000014060                Reserved52_IRQHandler
                0x0000000000014060                PORTC_IRQHandler
                0x0000000000014060                LPTMR0_LPTMR1_IRQHandler
                0x0000000000014060                Reserved122_IRQHandler
                0x0000000000014060                Reserved96_IRQHandler
                0x0000000000014060                Reserved85_IRQHandler
                0x0000000000014060                DMA_Error_DriverIRQHandler
                0x0000000000014060                Reserved114_IRQHandler
                0x0000000000014060                Reserved89_IRQHandler
                0x0000000000014060                Reserved99_IRQHandler
                0x0000000000014060                DMA7_DMA23_DriverIRQHandler
                0x0000000000014060                Reserved119_IRQHandler
                0x0000000000014060                LLWU_IRQHandler
                0x0000000000014060                Reserved84_IRQHandler
                0x0000000000014060                TSI0_IRQHandler
                0x0000000000014060                Reserved92_IRQHandler
                0x0000000000014060                DMA14_DMA30_DriverIRQHandler
                0x0000000000014060                SWI_IRQHandler
                0x0000000000014060                ADC0_IRQHandler
                0x0000000000014060                EMVSIM0_IRQHandler
                0x0000000000014060                UsageFault_Handler
                0x0000000000014060                CMT_IRQHandler
                0x0000000000014060                QuadSPI0_DriverIRQHandler
                0x0000000000014060                DMA0_DMA16_DriverIRQHandler
                0x0000000000014060                DefaultISR
                0x0000000000014060                DMA2_DMA18_DriverIRQHandler
                0x0000000000014060                Reserved82_IRQHandler
                0x0000000000014060                CMP1_IRQHandler
                0x0000000000014060                Reserved71_IRQHandler
                0x0000000000014060                PORTD_IRQHandler
                0x0000000000014060                TPM2_IRQHandler
                0x0000000000014060                RTC_IRQHandler
                0x0000000000014060                PDB0_IRQHandler
                0x0000000000014060                FTM1_IRQHandler
                0x0000000000014060                DMA12_DMA28_DriverIRQHandler
                0x0000000000014060                PIT0CH0_IRQHandler
                0x0000000000014060                Reserved95_IRQHandler
                0x0000000000014060                Reserved121_IRQHandler
                0x0000000000014060                RTC_Seconds_IRQHandler
                0x0000000000014060                MCG_IRQHandler
                0x0000000000014060                DMA10_DMA26_DriverIRQHandler
                0x0000000000014060                Reserved108_IRQHandler
                0x0000000000014060                TRNG0_IRQHandler
                0x0000000000014060                Reserved117_IRQHandler
                0x0000000000014060                Reserved110_IRQHandler
                0x0000000000014060                Read_Collision_IRQHandler
                0x0000000000014060                LTC0_IRQHandler
                0x0000000000014060                DMA1_DMA17_DriverIRQHandler
                0x0000000000014060                Reserved98_IRQHandler
                0x0000000000014060                Reserved102_IRQHandler
                0x0000000000014060                USBDCD_IRQHandler
                0x0000000000014060                DMA8_DMA24_DriverIRQHandler
                0x0000000000014060                DMA6_DMA22_DriverIRQHandler
                0x0000000000014060                Reserved101_IRQHandler
                0x0000000000014060                USB0_IRQHandler
                0x0000000000014060                WDOG_EWM_IRQHandler
                0x0000000000014060                MemManage_Handler
                0x0000000000014060                Reserved83_IRQHandler
                0x0000000000014060                Reserved115_IRQHandler
                0x0000000000014060                DMA11_DMA27_DriverIRQHandler
                0x0000000000014060                Reserved109_IRQHandler
                0x0000000000014060                DMA4_DMA20_DriverIRQHandler
                0x0000000000014060                DMA9_DMA25_DriverIRQHandler
                0x0000000000014060                Reserved100_IRQHandler
                0x0000000000014060                EMVSIM1_IRQHandler
                0x0000000000014060                Reserved91_IRQHandler
                0x0000000000014060                DAC0_IRQHandler
                0x0000000000014060                Reserved118_IRQHandler
                0x0000000000014060                DMA3_DMA19_DriverIRQHandler
                0x0000000000014060                Reserved94_IRQHandler
                0x0000000000014060                Reserved112_IRQHandler
                0x0000000000014060                TPM1_IRQHandler
                0x0000000000014060                Reserved106_IRQHandler
                0x0000000000014060                LVD_LVW_IRQHandler
                0x0000000000014064                NMI_Handler
                0x0000000000014068                HardFault_Handler
                0x00000000000140b8                DMA_Error_IRQHandler
                0x00000000000140bc                I2C0_IRQHandler
                0x00000000000140c0                I2C1_IRQHandler
                0x00000000000140c4                SPI0_IRQHandler
                0x00000000000140c8                SPI1_IRQHandler
                0x00000000000140cc                I2S0_Tx_IRQHandler
                0x00000000000140d0                I2S0_Rx_IRQHandler
                0x00000000000140d4                LPUART0_IRQHandler
                0x00000000000140d8                LPUART1_IRQHandler
                0x00000000000140dc                LPUART2_IRQHandler
                0x00000000000140e0                LPUART3_IRQHandler
                0x00000000000140e4                LPUART4_IRQHandler
                0x00000000000140e8                SPI2_IRQHandler
                0x00000000000140ec                FLEXIO0_IRQHandler
                0x00000000000140f0                I2C2_IRQHandler
                0x00000000000140f4                SDHC_IRQHandler
                0x00000000000140f8                I2C3_IRQHandler
                0x00000000000140fc                QuadSPI0_IRQHandler
 .text          0x000000000001419c      0x370 /Users/felipeneves/Documents/toolchains/arm-gcc/bin/../lib/gcc/arm-none-eabi/5.3.1/armv7e-m/fpu/fpv5-sp-d16/libgcc.a(_arm_addsubdf3.o)
                0x000000000001419c                __aeabi_drsub
                0x00000000000141a4                __subdf3
                0x00000000000141a4                __aeabi_dsub
                0x00000000000141a8                __aeabi_dadd
                0x00000000000141a8                __adddf3
                0x0000000000014420                __aeabi_ui2d
                0x0000000000014420                __floatunsidf
                0x0000000000014440                __floatsidf
                0x0000000000014440                __aeabi_i2d
                0x0000000000014464                __extendsfdf2
                0x0000000000014464                __aeabi_f2d
                0x00000000000144a0                __aeabi_ul2d
                0x00000000000144a0                __floatundidf
                0x00000000000144b0                __aeabi_l2d
                0x00000000000144b0                __floatdidf
 .text          0x000000000001450c      0x424 /Users/felipeneves/Documents/toolchains/arm-gcc/bin/../lib/gcc/arm-none-eabi/5.3.1/armv7e-m/fpu/fpv5-sp-d16/libgcc.a(_arm_muldivdf3.o)
                0x000000000001450c                __aeabi_dmul
                0x000000000001450c                __muldf3
                0x0000000000014760                __aeabi_ddiv
                0x0000000000014760                __divdf3
 .text          0x0000000000014930      0x110 /Users/felipeneves/Documents/toolchains/arm-gcc/bin/../lib/gcc/arm-none-eabi/5.3.1/armv7e-m/fpu/fpv5-sp-d16/libgcc.a(_arm_cmpdf2.o)
                0x0000000000014930                __gtdf2
                0x0000000000014930                __gedf2
                0x0000000000014938                __ltdf2
                0x0000000000014938                __ledf2
                0x0000000000014940                __eqdf2
                0x0000000000014940                __nedf2
                0x0000000000014940                __cmpdf2
                0x00000000000149bc                __aeabi_cdrcmple
                0x00000000000149cc                __aeabi_cdcmple
                0x00000000000149cc                __aeabi_cdcmpeq
                0x00000000000149dc                __aeabi_dcmpeq
                0x00000000000149f0                __aeabi_dcmplt
                0x0000000000014a04                __aeabi_dcmple
                0x0000000000014a18                __aeabi_dcmpge
                0x0000000000014a2c                __aeabi_dcmpgt
 .text          0x0000000000014a40       0x2c /Users/felipeneves/Documents/toolchains/arm-gcc/bin/../lib/gcc/arm-none-eabi/5.3.1/armv7e-m/fpu/fpv5-sp-d16/libgcc.a(_arm_unorddf2.o)
                0x0000000000014a40                __aeabi_dcmpun
                0x0000000000014a40                __unorddf2
 .text          0x0000000000014a6c       0x50 /Users/felipeneves/Documents/toolchains/arm-gcc/bin/../lib/gcc/arm-none-eabi/5.3.1/armv7e-m/fpu/fpv5-sp-d16/libgcc.a(_arm_fixdfsi.o)
                0x0000000000014a6c                __fixdfsi
                0x0000000000014a6c                __aeabi_d2iz
 .text          0x0000000000014abc       0xa0 /Users/felipeneves/Documents/toolchains/arm-gcc/bin/../lib/gcc/arm-none-eabi/5.3.1/armv7e-m/fpu/fpv5-sp-d16/libgcc.a(_arm_truncdfsf2.o)
                0x0000000000014abc                __aeabi_d2f
                0x0000000000014abc                __truncdfsf2
 .text          0x0000000000014b5c       0xa0 /Users/felipeneves/Documents/toolchains/arm-gcc/bin/../lib/gcc/arm-none-eabi/5.3.1/armv7e-m/fpu/fpv5-sp-d16/libgcc.a(_aeabi_ldivmod.o)
                0x0000000000014b5c                __aeabi_ldivmod
 .text          0x0000000000014bfc       0x30 /Users/felipeneves/Documents/toolchains/arm-gcc/bin/../lib/gcc/arm-none-eabi/5.3.1/armv7e-m/fpu/fpv5-sp-d16/libgcc.a(_aeabi_uldivmod.o)
                0x0000000000014bfc                __aeabi_uldivmod
 .text          0x0000000000014c2c       0x30 /Users/felipeneves/Documents/toolchains/arm-gcc/bin/../lib/gcc/arm-none-eabi/5.3.1/armv7e-m/fpu/fpv5-sp-d16/libgcc.a(_fixdfdi.o)
                0x0000000000014c2c                __aeabi_d2lz
                0x0000000000014c2c                __fixdfdi
 .text          0x0000000000014c5c       0x48 /Users/felipeneves/Documents/toolchains/arm-gcc/bin/../lib/gcc/arm-none-eabi/5.3.1/armv7e-m/fpu/fpv5-sp-d16/libgcc.a(_fixunsdfdi.o)
                0x0000000000014c5c                __aeabi_d2ulz
                0x0000000000014c5c                __fixunsdfdi
 .text          0x0000000000014ca4      0x2e4 /Users/felipeneves/Documents/toolchains/arm-gcc/bin/../lib/gcc/arm-none-eabi/5.3.1/armv7e-m/fpu/fpv5-sp-d16/libgcc.a(_udivmoddi4.o)
                0x0000000000014ca4                __udivmoddi4
 .text          0x0000000000014f88        0x4 /Users/felipeneves/Documents/toolchains/arm-gcc/bin/../lib/gcc/arm-none-eabi/5.3.1/armv7e-m/fpu/fpv5-sp-d16/libgcc.a(_dvmd_tls.o)
                0x0000000000014f88                __aeabi_ldiv0
                0x0000000000014f88                __aeabi_idiv0
 .text          0x0000000000014f8c       0x40 /Users/felipeneves/Documents/toolchains/arm-gcc/bin/../lib/gcc/arm-none-eabi/5.3.1/armv7e-m/fpu/fpv5-sp-d16/libgcc.a(_arm_fixunsdfsi.o)
                0x0000000000014f8c                __fixunsdfsi
                0x0000000000014f8c                __aeabi_d2uiz
 .text          0x0000000000014fcc      0x134 /Users/felipeneves/Documents/toolchains/arm-gcc/bin/../lib/gcc/arm-none-eabi/5.3.1/../../../../arm-none-eabi/lib/armv7e-m/fpu/fpv5-sp-d16/libg.a(lib_a-memcpy.o)
                0x0000000000014fcc                memcpy
 .text          0x0000000000015100       0xdc /Users/felipeneves/Documents/toolchains/arm-gcc/bin/../lib/gcc/arm-none-eabi/5.3.1/../../../../arm-none-eabi/lib/armv7e-m/fpu/fpv5-sp-d16/libg.a(lib_a-strlen.o)
                0x0000000000015100                strlen
 *(.text*)
 .text.modf     0x00000000000151dc       0xb0 /Users/felipeneves/Documents/toolchains/arm-gcc/bin/../lib/gcc/arm-none-eabi/5.3.1/../../../../arm-none-eabi/lib/armv7e-m/fpu/fpv5-sp-d16/libm.a(lib_a-s_modf.o)
                0x00000000000151dc                modf
 *fill*         0x000000000001528c        0x4 
 .text.pow      0x0000000000015290      0x338 /Users/felipeneves/Documents/toolchains/arm-gcc/bin/../lib/gcc/arm-none-eabi/5.3.1/../../../../arm-none-eabi/lib/armv7e-m/fpu/fpv5-sp-d16/libm.a(lib_a-w_pow.o)
                0x0000000000015290                pow
 .text.__ieee754_pow
                0x00000000000155c8      0xb10 /Users/felipeneves/Documents/toolchains/arm-gcc/bin/../lib/gcc/arm-none-eabi/5.3.1/../../../../arm-none-eabi/lib/armv7e-m/fpu/fpv5-sp-d16/libm.a(lib_a-e_pow.o)
                0x00000000000155c8                __ieee754_pow
 .text.__ieee754_sqrt
                0x00000000000160d8      0x1a0 /Users/felipeneves/Documents/toolchains/arm-gcc/bin/../lib/gcc/arm-none-eabi/5.3.1/../../../../arm-none-eabi/lib/armv7e-m/fpu/fpv5-sp-d16/libm.a(lib_a-e_sqrt.o)
                0x00000000000160d8                __ieee754_sqrt
 .text.fabs     0x0000000000016278       0x10 /Users/felipeneves/Documents/toolchains/arm-gcc/bin/../lib/gcc/arm-none-eabi/5.3.1/../../../../arm-none-eabi/lib/armv7e-m/fpu/fpv5-sp-d16/libm.a(lib_a-s_fabs.o)
                0x0000000000016278                fabs
 .text.finite   0x0000000000016288       0x10 /Users/felipeneves/Documents/toolchains/arm-gcc/bin/../lib/gcc/arm-none-eabi/5.3.1/../../../../arm-none-eabi/lib/armv7e-m/fpu/fpv5-sp-d16/libm.a(lib_a-s_finite.o)
                0x0000000000016288                finite
 .text.matherr  0x0000000000016298        0x4 /Users/felipeneves/Documents/toolchains/arm-gcc/bin/../lib/gcc/arm-none-eabi/5.3.1/../../../../arm-none-eabi/lib/armv7e-m/fpu/fpv5-sp-d16/libm.a(lib_a-s_matherr.o)
                0x0000000000016298                matherr
 *fill*         0x000000000001629c        0x4 
 .text.nan      0x00000000000162a0       0x10 /Users/felipeneves/Documents/toolchains/arm-gcc/bin/../lib/gcc/arm-none-eabi/5.3.1/../../../../arm-none-eabi/lib/armv7e-m/fpu/fpv5-sp-d16/libm.a(lib_a-s_nan.o)
                0x00000000000162a0                nan
 .text.rint     0x00000000000162b0      0x128 /Users/felipeneves/Documents/toolchains/arm-gcc/bin/../lib/gcc/arm-none-eabi/5.3.1/../../../../arm-none-eabi/lib/armv7e-m/fpu/fpv5-sp-d16/libm.a(lib_a-s_rint.o)
                0x00000000000162b0                rint
 .text.scalbn   0x00000000000163d8      0x10c /Users/felipeneves/Documents/toolchains/arm-gcc/bin/../lib/gcc/arm-none-eabi/5.3.1/../../../../arm-none-eabi/lib/armv7e-m/fpu/fpv5-sp-d16/libm.a(lib_a-s_scalbn.o)
                0x00000000000163d8                scalbn
 .text.copysign
                0x00000000000164e4       0x1c /Users/felipeneves/Documents/toolchains/arm-gcc/bin/../lib/gcc/arm-none-eabi/5.3.1/../../../../arm-none-eabi/lib/armv7e-m/fpu/fpv5-sp-d16/libm.a(lib_a-s_copysign.o)
                0x00000000000164e4                copysign
 .text.__errno  0x0000000000016500        0xc /Users/felipeneves/Documents/toolchains/arm-gcc/bin/../lib/gcc/arm-none-eabi/5.3.1/../../../../arm-none-eabi/lib/armv7e-m/fpu/fpv5-sp-d16/libg.a(lib_a-errno.o)
                0x0000000000016500                __errno
 .text.memset   0x000000000001650c       0x9c /Users/felipeneves/Documents/toolchains/arm-gcc/bin/../lib/gcc/arm-none-eabi/5.3.1/../../../../arm-none-eabi/lib/armv7e-m/fpu/fpv5-sp-d16/libg.a(lib_a-memset.o)
                0x000000000001650c                memset
 .text.sulp     0x00000000000165a8       0x40 /Users/felipeneves/Documents/toolchains/arm-gcc/bin/../lib/gcc/arm-none-eabi/5.3.1/../../../../arm-none-eabi/lib/armv7e-m/fpu/fpv5-sp-d16/libg.a(lib_a-strtod.o)
 .text._strtod_r
                0x00000000000165e8      0xec0 /Users/felipeneves/Documents/toolchains/arm-gcc/bin/../lib/gcc/arm-none-eabi/5.3.1/../../../../arm-none-eabi/lib/armv7e-m/fpu/fpv5-sp-d16/libg.a(lib_a-strtod.o)
                0x00000000000165e8                _strtod_r
 .text.strtod   0x00000000000174a8       0x10 /Users/felipeneves/Documents/toolchains/arm-gcc/bin/../lib/gcc/arm-none-eabi/5.3.1/../../../../arm-none-eabi/lib/armv7e-m/fpu/fpv5-sp-d16/libg.a(lib_a-strtod.o)
                0x00000000000174a8                strtod
 .text.startup.register_fini
                0x00000000000174b8       0x14 /Users/felipeneves/Documents/toolchains/arm-gcc/bin/../lib/gcc/arm-none-eabi/5.3.1/../../../../arm-none-eabi/lib/armv7e-m/fpu/fpv5-sp-d16/libg.a(lib_a-__call_atexit.o)
 .text.atexit   0x00000000000174cc        0xc /Users/felipeneves/Documents/toolchains/arm-gcc/bin/../lib/gcc/arm-none-eabi/5.3.1/../../../../arm-none-eabi/lib/armv7e-m/fpu/fpv5-sp-d16/libg.a(lib_a-atexit.o)
                0x00000000000174cc                atexit
 .text.__libc_fini_array
                0x00000000000174d8       0x28 /Users/felipeneves/Documents/toolchains/arm-gcc/bin/../lib/gcc/arm-none-eabi/5.3.1/../../../../arm-none-eabi/lib/armv7e-m/fpu/fpv5-sp-d16/libg.a(lib_a-fini.o)
                0x00000000000174d8                __libc_fini_array
 .text.rshift   0x0000000000017500       0xa8 /Users/felipeneves/Documents/toolchains/arm-gcc/bin/../lib/gcc/arm-none-eabi/5.3.1/../../../../arm-none-eabi/lib/armv7e-m/fpu/fpv5-sp-d16/libg.a(lib_a-gdtoa-gethex.o)
 .text.__gethex
                0x00000000000175a8      0x510 /Users/felipeneves/Documents/toolchains/arm-gcc/bin/../lib/gcc/arm-none-eabi/5.3.1/../../../../arm-none-eabi/lib/armv7e-m/fpu/fpv5-sp-d16/libg.a(lib_a-gdtoa-gethex.o)
                0x00000000000175a8                __gethex
 .text.__match  0x0000000000017ab8       0x30 /Users/felipeneves/Documents/toolchains/arm-gcc/bin/../lib/gcc/arm-none-eabi/5.3.1/../../../../arm-none-eabi/lib/armv7e-m/fpu/fpv5-sp-d16/libg.a(lib_a-gdtoa-hexnan.o)
                0x0000000000017ab8                __match
 .text.__hexnan
                0x0000000000017ae8      0x180 /Users/felipeneves/Documents/toolchains/arm-gcc/bin/../lib/gcc/arm-none-eabi/5.3.1/../../../../arm-none-eabi/lib/armv7e-m/fpu/fpv5-sp-d16/libg.a(lib_a-gdtoa-hexnan.o)
                0x0000000000017ae8                __hexnan
 .text._localeconv_r
                0x0000000000017c68        0x8 /Users/felipeneves/Documents/toolchains/arm-gcc/bin/../lib/gcc/arm-none-eabi/5.3.1/../../../../arm-none-eabi/lib/armv7e-m/fpu/fpv5-sp-d16/libg.a(lib_a-locale.o)
                0x0000000000017c68                _localeconv_r
 .text._Balloc  0x0000000000017c70       0x4c /Users/felipeneves/Documents/toolchains/arm-gcc/bin/../lib/gcc/arm-none-eabi/5.3.1/../../../../arm-none-eabi/lib/armv7e-m/fpu/fpv5-sp-d16/libg.a(lib_a-mprec.o)
                0x0000000000017c70                _Balloc
 .text._Bfree   0x0000000000017cbc       0x14 /Users/felipeneves/Documents/toolchains/arm-gcc/bin/../lib/gcc/arm-none-eabi/5.3.1/../../../../arm-none-eabi/lib/armv7e-m/fpu/fpv5-sp-d16/libg.a(lib_a-mprec.o)
                0x0000000000017cbc                _Bfree
 .text.__multadd
                0x0000000000017cd0       0x80 /Users/felipeneves/Documents/toolchains/arm-gcc/bin/../lib/gcc/arm-none-eabi/5.3.1/../../../../arm-none-eabi/lib/armv7e-m/fpu/fpv5-sp-d16/libg.a(lib_a-mprec.o)
                0x0000000000017cd0                __multadd
 .text.__s2b    0x0000000000017d50       0x98 /Users/felipeneves/Documents/toolchains/arm-gcc/bin/../lib/gcc/arm-none-eabi/5.3.1/../../../../arm-none-eabi/lib/armv7e-m/fpu/fpv5-sp-d16/libg.a(lib_a-mprec.o)
                0x0000000000017d50                __s2b
 .text.__hi0bits
                0x0000000000017de8       0x40 /Users/felipeneves/Documents/toolchains/arm-gcc/bin/../lib/gcc/arm-none-eabi/5.3.1/../../../../arm-none-eabi/lib/armv7e-m/fpu/fpv5-sp-d16/libg.a(lib_a-mprec.o)
                0x0000000000017de8                __hi0bits
 .text.__lo0bits
                0x0000000000017e28       0x5c /Users/felipeneves/Documents/toolchains/arm-gcc/bin/../lib/gcc/arm-none-eabi/5.3.1/../../../../arm-none-eabi/lib/armv7e-m/fpu/fpv5-sp-d16/libg.a(lib_a-mprec.o)
                0x0000000000017e28                __lo0bits
 .text.__i2b    0x0000000000017e84       0x14 /Users/felipeneves/Documents/toolchains/arm-gcc/bin/../lib/gcc/arm-none-eabi/5.3.1/../../../../arm-none-eabi/lib/armv7e-m/fpu/fpv5-sp-d16/libg.a(lib_a-mprec.o)
                0x0000000000017e84                __i2b
 .text.__multiply
                0x0000000000017e98      0x130 /Users/felipeneves/Documents/toolchains/arm-gcc/bin/../lib/gcc/arm-none-eabi/5.3.1/../../../../arm-none-eabi/lib/armv7e-m/fpu/fpv5-sp-d16/libg.a(lib_a-mprec.o)
                0x0000000000017e98                __multiply
 .text.__pow5mult
                0x0000000000017fc8       0xa0 /Users/felipeneves/Documents/toolchains/arm-gcc/bin/../lib/gcc/arm-none-eabi/5.3.1/../../../../arm-none-eabi/lib/armv7e-m/fpu/fpv5-sp-d16/libg.a(lib_a-mprec.o)
                0x0000000000017fc8                __pow5mult
 .text.__lshift
                0x0000000000018068       0xb0 /Users/felipeneves/Documents/toolchains/arm-gcc/bin/../lib/gcc/arm-none-eabi/5.3.1/../../../../arm-none-eabi/lib/armv7e-m/fpu/fpv5-sp-d16/libg.a(lib_a-mprec.o)
                0x0000000000018068                __lshift
 .text.__mcmp   0x0000000000018118       0x44 /Users/felipeneves/Documents/toolchains/arm-gcc/bin/../lib/gcc/arm-none-eabi/5.3.1/../../../../arm-none-eabi/lib/armv7e-m/fpu/fpv5-sp-d16/libg.a(lib_a-mprec.o)
                0x0000000000018118                __mcmp
 .text.__mdiff  0x000000000001815c      0x114 /Users/felipeneves/Documents/toolchains/arm-gcc/bin/../lib/gcc/arm-none-eabi/5.3.1/../../../../arm-none-eabi/lib/armv7e-m/fpu/fpv5-sp-d16/libg.a(lib_a-mprec.o)
                0x000000000001815c                __mdiff
 .text.__ulp    0x0000000000018270       0x54 /Users/felipeneves/Documents/toolchains/arm-gcc/bin/../lib/gcc/arm-none-eabi/5.3.1/../../../../arm-none-eabi/lib/armv7e-m/fpu/fpv5-sp-d16/libg.a(lib_a-mprec.o)
                0x0000000000018270                __ulp
 .text.__b2d    0x00000000000182c4       0xd0 /Users/felipeneves/Documents/toolchains/arm-gcc/bin/../lib/gcc/arm-none-eabi/5.3.1/../../../../arm-none-eabi/lib/armv7e-m/fpu/fpv5-sp-d16/libg.a(lib_a-mprec.o)
                0x00000000000182c4                __b2d
 .text.__d2b    0x0000000000018394       0xbc /Users/felipeneves/Documents/toolchains/arm-gcc/bin/../lib/gcc/arm-none-eabi/5.3.1/../../../../arm-none-eabi/lib/armv7e-m/fpu/fpv5-sp-d16/libg.a(lib_a-mprec.o)
                0x0000000000018394                __d2b
 .text.__ratio  0x0000000000018450       0x60 /Users/felipeneves/Documents/toolchains/arm-gcc/bin/../lib/gcc/arm-none-eabi/5.3.1/../../../../arm-none-eabi/lib/armv7e-m/fpu/fpv5-sp-d16/libg.a(lib_a-mprec.o)
                0x0000000000018450                __ratio
 .text.__copybits
                0x00000000000184b0       0x48 /Users/felipeneves/Documents/toolchains/arm-gcc/bin/../lib/gcc/arm-none-eabi/5.3.1/../../../../arm-none-eabi/lib/armv7e-m/fpu/fpv5-sp-d16/libg.a(lib_a-mprec.o)
                0x00000000000184b0                __copybits
 .text.__any_on
                0x00000000000184f8       0x60 /Users/felipeneves/Documents/toolchains/arm-gcc/bin/../lib/gcc/arm-none-eabi/5.3.1/../../../../arm-none-eabi/lib/armv7e-m/fpu/fpv5-sp-d16/libg.a(lib_a-mprec.o)
                0x00000000000184f8                __any_on
 .text.strncmp  0x0000000000018558       0xa0 /Users/felipeneves/Documents/toolchains/arm-gcc/bin/../lib/gcc/arm-none-eabi/5.3.1/../../../../arm-none-eabi/lib/armv7e-m/fpu/fpv5-sp-d16/libg.a(lib_a-strncmp.o)
                0x0000000000018558                strncmp
 .text.__register_exitproc
                0x00000000000185f8       0xa4 /Users/felipeneves/Documents/toolchains/arm-gcc/bin/../lib/gcc/arm-none-eabi/5.3.1/../../../../arm-none-eabi/lib/armv7e-m/fpu/fpv5-sp-d16/libg.a(lib_a-__atexit.o)
                0x00000000000185f8                __register_exitproc
 .text._calloc_r
                0x000000000001869c       0x60 /Users/felipeneves/Documents/toolchains/arm-gcc/bin/../lib/gcc/arm-none-eabi/5.3.1/../../../../arm-none-eabi/lib/armv7e-m/fpu/fpv5-sp-d16/libg.a(lib_a-callocr.o)
                0x000000000001869c                _calloc_r
 .text._malloc_r
                0x00000000000186fc      0x570 /Users/felipeneves/Documents/toolchains/arm-gcc/bin/../lib/gcc/arm-none-eabi/5.3.1/../../../../arm-none-eabi/lib/armv7e-m/fpu/fpv5-sp-d16/libg.a(lib_a-mallocr.o)
                0x00000000000186fc                _malloc_r
 .text.__malloc_lock
                0x0000000000018c6c        0x4 /Users/felipeneves/Documents/toolchains/arm-gcc/bin/../lib/gcc/arm-none-eabi/5.3.1/../../../../arm-none-eabi/lib/armv7e-m/fpu/fpv5-sp-d16/libg.a(lib_a-mlock.o)
                0x0000000000018c6c                __malloc_lock
 .text.__malloc_unlock
                0x0000000000018c70        0x4 /Users/felipeneves/Documents/toolchains/arm-gcc/bin/../lib/gcc/arm-none-eabi/5.3.1/../../../../arm-none-eabi/lib/armv7e-m/fpu/fpv5-sp-d16/libg.a(lib_a-mlock.o)
                0x0000000000018c70                __malloc_unlock
 .text._sbrk_r  0x0000000000018c74       0x24 /Users/felipeneves/Documents/toolchains/arm-gcc/bin/../lib/gcc/arm-none-eabi/5.3.1/../../../../arm-none-eabi/lib/armv7e-m/fpu/fpv5-sp-d16/libg.a(lib_a-sbrkr.o)
                0x0000000000018c74                _sbrk_r
 .text._malloc_trim_r
                0x0000000000018c98       0x9c /Users/felipeneves/Documents/toolchains/arm-gcc/bin/../lib/gcc/arm-none-eabi/5.3.1/../../../../arm-none-eabi/lib/armv7e-m/fpu/fpv5-sp-d16/libg.a(lib_a-freer.o)
                0x0000000000018c98                _malloc_trim_r
 .text._free_r  0x0000000000018d34      0x1d0 /Users/felipeneves/Documents/toolchains/arm-gcc/bin/../lib/gcc/arm-none-eabi/5.3.1/../../../../arm-none-eabi/lib/armv7e-m/fpu/fpv5-sp-d16/libg.a(lib_a-freer.o)
                0x0000000000018d34                _free_r
 *(.rodata)
 .rodata        0x0000000000018f04        0x5 ../os/Source/tasks.o
 *fill*         0x0000000000018f09        0x3 
 .rodata        0x0000000000018f0c        0xd ../os/Source/timers.o
 *fill*         0x0000000000018f19        0x3 
 .rodata        0x0000000000018f1c      0x128 drivers/fsl_clock.o
 .rodata        0x0000000000019044       0x3e drivers/fsl_common.o
 *fill*         0x0000000000019082        0x2 
 .rodata        0x0000000000019084       0x5b drivers/fsl_dmamux.o
 *fill*         0x00000000000190df        0x1 
 .rodata        0x00000000000190e0      0x296 drivers/fsl_dspi.o
 *fill*         0x0000000000019376        0x2 
 .rodata        0x0000000000019378      0x50b drivers/fsl_edma.o
 *fill*         0x0000000000019883        0x1 
 .rodata        0x0000000000019884       0xc7 drivers/fsl_flexio.o
 *fill*         0x000000000001994b        0x1 
 .rodata        0x000000000001994c       0x67 drivers/fsl_flexio_camera.o
 *fill*         0x00000000000199b3        0x1 
 .rodata        0x00000000000199b4       0x8d drivers/fsl_gpio.o
 *fill*         0x0000000000019a41        0x3 
 .rodata        0x0000000000019a44      0x30f drivers/fsl_i2c.o
                0x0000000000019a44                s_i2cDividerTable
                0x0000000000019ad4                s_i2cIrqs
                0x0000000000019ad8                s_i2cClocks
 *fill*         0x0000000000019d53        0x1 
 .rodata        0x0000000000019d54      0x1ad drivers/fsl_lpuart.o
 *fill*         0x0000000000019f01        0x3 
 .rodata        0x0000000000019f04      0x201 drivers/fsl_sai.o
 *fill*         0x000000000001a105        0x3 
 .rodata        0x000000000001a108      0x3ce drivers/fsl_sdhc.o
 *fill*         0x000000000001a4d6        0x2 
 .rodata        0x000000000001a4d8       0x60 board/clock_config.o
                0x000000000001a4d8                g_defaultClockConfigVlpr
                0x000000000001a4f8                g_defaultClockConfigRun
                0x000000000001a518                g_defaultClockConfigHsrun
 .rodata        0x000000000001a538       0x2e board/pin_mux.o
 *fill*         0x000000000001a566        0x2 
 .rodata        0x000000000001a568       0x84 motion_estimator.o
 .rodata        0x000000000001a5ec       0x89 sensor_app.o
 *fill*         0x000000000001a675        0x3 
 .rodata        0x000000000001a678      0x145 ov7670/flexio_ov7670.o
 *(.rodata*)
 *fill*         0x000000000001a7bd        0x3 
 .rodata.str1.4
                0x000000000001a7c0        0x4 /Users/felipeneves/Documents/toolchains/arm-gcc/bin/../lib/gcc/arm-none-eabi/5.3.1/../../../../arm-none-eabi/lib/armv7e-m/fpu/fpv5-sp-d16/libm.a(lib_a-w_pow.o)
 .rodata.str1.4
                0x000000000001a7c4        0x1 /Users/felipeneves/Documents/toolchains/arm-gcc/bin/../lib/gcc/arm-none-eabi/5.3.1/../../../../arm-none-eabi/lib/armv7e-m/fpu/fpv5-sp-d16/libm.a(lib_a-e_pow.o)
 *fill*         0x000000000001a7c5        0x3 
 .rodata.TWO52  0x000000000001a7c8       0x10 /Users/felipeneves/Documents/toolchains/arm-gcc/bin/../lib/gcc/arm-none-eabi/5.3.1/../../../../arm-none-eabi/lib/armv7e-m/fpu/fpv5-sp-d16/libm.a(lib_a-s_rint.o)
 .rodata.str1.4
                0x000000000001a7d8        0x2 /Users/felipeneves/Documents/toolchains/arm-gcc/bin/../lib/gcc/arm-none-eabi/5.3.1/../../../../arm-none-eabi/lib/armv7e-m/fpu/fpv5-sp-d16/libg.a(lib_a-impure.o)
 *fill*         0x000000000001a7da        0x2 
 .rodata._global_impure_ptr
                0x000000000001a7dc        0x4 /Users/felipeneves/Documents/toolchains/arm-gcc/bin/../lib/gcc/arm-none-eabi/5.3.1/../../../../arm-none-eabi/lib/armv7e-m/fpu/fpv5-sp-d16/libg.a(lib_a-impure.o)
                0x000000000001a7dc                _global_impure_ptr
 .rodata.fpi.5336
                0x000000000001a7e0       0x14 /Users/felipeneves/Documents/toolchains/arm-gcc/bin/../lib/gcc/arm-none-eabi/5.3.1/../../../../arm-none-eabi/lib/armv7e-m/fpu/fpv5-sp-d16/libg.a(lib_a-strtod.o)
 .rodata.fpinan.5372
                0x000000000001a7f4       0x14 /Users/felipeneves/Documents/toolchains/arm-gcc/bin/../lib/gcc/arm-none-eabi/5.3.1/../../../../arm-none-eabi/lib/armv7e-m/fpu/fpv5-sp-d16/libg.a(lib_a-strtod.o)
 .rodata.str1.4
                0x000000000001a808        0xf /Users/felipeneves/Documents/toolchains/arm-gcc/bin/../lib/gcc/arm-none-eabi/5.3.1/../../../../arm-none-eabi/lib/armv7e-m/fpu/fpv5-sp-d16/libg.a(lib_a-strtod.o)
 *fill*         0x000000000001a817        0x1 
 .rodata.tinytens
                0x000000000001a818       0x28 /Users/felipeneves/Documents/toolchains/arm-gcc/bin/../lib/gcc/arm-none-eabi/5.3.1/../../../../arm-none-eabi/lib/armv7e-m/fpu/fpv5-sp-d16/libg.a(lib_a-strtod.o)
 .rodata.__hexdig
                0x000000000001a840      0x100 /Users/felipeneves/Documents/toolchains/arm-gcc/bin/../lib/gcc/arm-none-eabi/5.3.1/../../../../arm-none-eabi/lib/armv7e-m/fpu/fpv5-sp-d16/libg.a(lib_a-gdtoa-gethex.o)
                0x000000000001a840                __hexdig
 .rodata.str1.4
                0x000000000001a940        0xc /Users/felipeneves/Documents/toolchains/arm-gcc/bin/../lib/gcc/arm-none-eabi/5.3.1/../../../../arm-none-eabi/lib/armv7e-m/fpu/fpv5-sp-d16/libg.a(lib_a-locale.o)
                                         0x12 (size before relaxing)
 *fill*         0x000000000001a94c        0x4 
 .rodata.__mprec_tens
                0x000000000001a950       0xc8 /Users/felipeneves/Documents/toolchains/arm-gcc/bin/../lib/gcc/arm-none-eabi/5.3.1/../../../../arm-none-eabi/lib/armv7e-m/fpu/fpv5-sp-d16/libg.a(lib_a-mprec.o)
                0x000000000001a950                __mprec_tens
 .rodata.__mprec_bigtens
                0x000000000001aa18       0x28 /Users/felipeneves/Documents/toolchains/arm-gcc/bin/../lib/gcc/arm-none-eabi/5.3.1/../../../../arm-none-eabi/lib/armv7e-m/fpu/fpv5-sp-d16/libg.a(lib_a-mprec.o)
                0x000000000001aa18                __mprec_bigtens
 .rodata.p05.5375
                0x000000000001aa40        0xc /Users/felipeneves/Documents/toolchains/arm-gcc/bin/../lib/gcc/arm-none-eabi/5.3.1/../../../../arm-none-eabi/lib/armv7e-m/fpu/fpv5-sp-d16/libg.a(lib_a-mprec.o)
 *(.glue_7)
 .glue_7        0x000000000001aa4c        0x0 linker stubs
 *(.glue_7t)
 .glue_7t       0x000000000001aa4c        0x0 linker stubs
 *(.eh_frame)
 .eh_frame      0x000000000001aa4c        0x0 /Users/felipeneves/Documents/toolchains/arm-gcc/bin/../lib/gcc/arm-none-eabi/5.3.1/armv7e-m/fpu/fpv5-sp-d16/crtbegin.o
 *(.init)
 .init          0x000000000001aa4c        0x4 /Users/felipeneves/Documents/toolchains/arm-gcc/bin/../lib/gcc/arm-none-eabi/5.3.1/armv7e-m/fpu/fpv5-sp-d16/crti.o
                0x000000000001aa4c                _init
 .init          0x000000000001aa50        0x8 /Users/felipeneves/Documents/toolchains/arm-gcc/bin/../lib/gcc/arm-none-eabi/5.3.1/armv7e-m/fpu/fpv5-sp-d16/crtn.o
 *(.fini)
 .fini          0x000000000001aa58        0x4 /Users/felipeneves/Documents/toolchains/arm-gcc/bin/../lib/gcc/arm-none-eabi/5.3.1/armv7e-m/fpu/fpv5-sp-d16/crti.o
                0x000000000001aa58                _fini
 .fini          0x000000000001aa5c        0x8 /Users/felipeneves/Documents/toolchains/arm-gcc/bin/../lib/gcc/arm-none-eabi/5.3.1/armv7e-m/fpu/fpv5-sp-d16/crtn.o
                0x000000000001aa64                . = ALIGN (0x4)

.vfp11_veneer   0x000000000001aa64        0x0
 .vfp11_veneer  0x000000000001aa64        0x0 linker stubs

.v4_bx          0x000000000001aa64        0x0
 .v4_bx         0x000000000001aa64        0x0 linker stubs

.iplt           0x000000000001aa64        0x0
 .iplt          0x000000000001aa64        0x0 /Users/felipeneves/Documents/toolchains/arm-gcc/bin/../lib/gcc/arm-none-eabi/5.3.1/armv7e-m/fpu/fpv5-sp-d16/crtbegin.o

.ARM.extab
 *(.ARM.extab* .gnu.linkonce.armextab.*)

.ARM            0x000000000001aa64        0x8
                0x000000000001aa64                __exidx_start = .
 *(.ARM.exidx*)
 .ARM.exidx     0x000000000001aa64        0x8 /Users/felipeneves/Documents/toolchains/arm-gcc/bin/../lib/gcc/arm-none-eabi/5.3.1/armv7e-m/fpu/fpv5-sp-d16/libgcc.a(_udivmoddi4.o)
                0x000000000001aa6c                __exidx_end = .

.rel.dyn        0x000000000001aa6c        0x0
 .rel.iplt      0x000000000001aa6c        0x0 /Users/felipeneves/Documents/toolchains/arm-gcc/bin/../lib/gcc/arm-none-eabi/5.3.1/armv7e-m/fpu/fpv5-sp-d16/crtbegin.o

.ctors          0x000000000001aa6c        0x0
                0x000000000001aa6c                __CTOR_LIST__ = .
 *crtbegin.o(.ctors)
 *crtbegin?.o(.ctors)
 *(EXCLUDE_FILE(*crtend.o *crtend?.o) .ctors)
 *(SORT(.ctors.*))
 *(.ctors)
                0x000000000001aa6c                __CTOR_END__ = .

.dtors          0x000000000001aa6c        0x0
                0x000000000001aa6c                __DTOR_LIST__ = .
 *crtbegin.o(.dtors)
 *crtbegin?.o(.dtors)
 *(EXCLUDE_FILE(*crtend.o *crtend?.o) .dtors)
 *(SORT(.dtors.*))
 *(.dtors)
                0x000000000001aa6c                __DTOR_END__ = .

.preinit_array  0x000000000001aa6c        0x0
                0x000000000001aa6c                PROVIDE (__preinit_array_start, .)
 *(.preinit_array*)
                0x000000000001aa6c                PROVIDE (__preinit_array_end, .)

.init_array     0x000000000001aa6c        0x8
                0x000000000001aa6c                PROVIDE (__init_array_start, .)
 *(SORT(.init_array.*))
 .init_array.00000
                0x000000000001aa6c        0x4 /Users/felipeneves/Documents/toolchains/arm-gcc/bin/../lib/gcc/arm-none-eabi/5.3.1/../../../../arm-none-eabi/lib/armv7e-m/fpu/fpv5-sp-d16/libg.a(lib_a-__call_atexit.o)
 *(.init_array*)
 .init_array    0x000000000001aa70        0x4 /Users/felipeneves/Documents/toolchains/arm-gcc/bin/../lib/gcc/arm-none-eabi/5.3.1/armv7e-m/fpu/fpv5-sp-d16/crtbegin.o
                0x000000000001aa74                PROVIDE (__init_array_end, .)

.fini_array     0x000000000001aa74        0x4
                0x000000000001aa74                PROVIDE (__fini_array_start, .)
 *(SORT(.fini_array.*))
 *(.fini_array*)
 .fini_array    0x000000000001aa74        0x4 /Users/felipeneves/Documents/toolchains/arm-gcc/bin/../lib/gcc/arm-none-eabi/5.3.1/armv7e-m/fpu/fpv5-sp-d16/crtbegin.o
                0x000000000001aa78                PROVIDE (__fini_array_end, .)
                0x000000000001aa78                __etext = .
                0x000000000001aa78                __DATA_ROM = .

.interrupts_ram
                0x000000001fff0000        0x0
                0x000000001fff0000                . = ALIGN (0x4)
                0x000000001fff0000                __VECTOR_RAM__ = .
                0x000000001fff0000                __interrupts_ram_start__ = .
 *(.m_interrupts_ram)
                0x000000001fff0000                . = (. + M_VECTOR_RAM_SIZE)
                0x000000001fff0000                . = ALIGN (0x4)
                0x000000001fff0000                __interrupts_ram_end__ = .
                0x0000000000000000                __VECTOR_RAM = DEFINED (__ram_vector_table__)?__VECTOR_RAM__:ORIGIN (m_interrupts)
                0x0000000000000000                __RAM_VECTOR_TABLE_SIZE_BYTES = DEFINED (__ram_vector_table__)?(__interrupts_ram_end__ - __interrupts_ram_start__):0x0

.data           0x000000001fff0000      0xb58 load address 0x000000000001aa78
                0x000000001fff0000                . = ALIGN (0x4)
                0x000000001fff0000                __DATA_RAM = .
                0x000000001fff0000                __data_start__ = .
 *(.data)
 .data          0x000000001fff0000        0x4 ../os/Source/portable/GCC/ARM_CM4F/port.o
 .data          0x000000001fff0004        0x4 ../os/Source/portable/MemMang/heap_2.o
 .data          0x000000001fff0008        0x8 drivers/fsl_clock.o
 .data          0x000000001fff0010        0x4 system/system_MK82F25615.o
                0x000000001fff0010                SystemCoreClock
 .data          0x000000001fff0014       0x55 ov7670/flexio_ov7670.o
 *fill*         0x000000001fff0069        0x3 
 .data          0x000000001fff006c      0x26c ov7670/ov7670_driver.o
                0x000000001fff006c                OV7670_VGA
                0x000000001fff0070                OV7670_QVGA
                0x000000001fff0074                OV7670_QQVGA
                0x000000001fff0078                OV7670_CIF
                0x000000001fff007c                OV7670_QCIF
                0x000000001fff0080                OV7670_QQCIF
                0x000000001fff0084                OV7670_WINDOW_START_POINT_VGA_DEFAULT
                0x000000001fff0088                OV7670_WINDOW_START_POINT_QVGA_DEFAULT
                0x000000001fff008c                OV7670_WINDOW_START_POINT_QQVGA_DEFAULT
                0x000000001fff0090                OV7670_WINDOW_START_POINT_CIF_DEFAULT
                0x000000001fff0094                OV7670_WINDOW_START_POINT_QCIF_DEFAULT
                0x000000001fff0098                OV7670_WINDOW_START_POINT_QQCIF_DEFAULT
                0x000000001fff009c                OV7670_FORMAT_RawBayerRGB
                0x000000001fff00a0                OV7670_FORMAT_ProcessedBayerRGB
                0x000000001fff00a4                OV7670_FORMAT_GRB422
                0x000000001fff00a8                OV7670_FORMAT_RGB565
                0x000000001fff00ac                OV7670_FORMAT_RGB555
                0x000000001fff00b0                OV7670_FORMAT_xRGB444
                0x000000001fff00b4                OV7670_FORMAT_RGBx444
                0x000000001fff00b8                OV7670_RESOLUTION_VGA
                0x000000001fff00c0                OV7670_RESOLUTION_QVGA_ORIGINAL
                0x000000001fff00c8                OV7670_RESOLUTION_QVGA
                0x000000001fff00d0                OV7670_RESOLUTION_QQVGA
                0x000000001fff00d8                OV7670_RESOLUTION_CIF
                0x000000001fff00e0                OV7670_RESOLUTION_QCIF_ORIGINAL
                0x000000001fff00e8                OV7670_RESOLUTION_QCIF
                0x000000001fff00f0                OV7670_RESOLUTION_QQCIF
                0x000000001fff00f8                OV7670_WINDOW_VGA
                0x000000001fff0100                OV7670_WINDOW_QVGA
                0x000000001fff0108                OV7670_WINDOW_QQVGA
                0x000000001fff0110                OV7670_WINDOW_CIF
                0x000000001fff0118                OV7670_WINDOW_QCIF
                0x000000001fff0120                OV7670_WINDOW_QQCIF
                0x000000001fff0128                OV7670_30FPS_26MHZ_XCLK
                0x000000001fff0130                OV7670_25FPS_26MHZ_XCLK
                0x000000001fff0138                OV7670_15FPS_26MHZ_XCLK
                0x000000001fff0140                OV7670_14FPS_26MHZ_XCLK
                0x000000001fff0148                OV7670_30FPS_24MHZ_XCLK
                0x000000001fff0150                OV7670_25FPS_24MHZ_XCLK
                0x000000001fff0158                OV7670_15FPS_24MHZ_XCLK
                0x000000001fff0160                OV7670_14FPS_24MHZ_XCLK
                0x000000001fff0168                OV7670_30FPS_13MHZ_XCLK
                0x000000001fff0170                OV7670_25FPS_13MHZ_XCLK
                0x000000001fff0178                OV7670_15FPS_13MHZ_XCLK
                0x000000001fff0180                OV7670_14FPS_13MHZ_XCLK
                0x000000001fff0188                OV7670_30FPS_12MHZ_XCLK
                0x000000001fff0190                OV7670_25FPS_12MHZ_XCLK
                0x000000001fff0198                OV7670_15FPS_12MHZ_XCLK
                0x000000001fff01a0                OV7670_14FPS_12MHZ_XCLK
                0x000000001fff01a8                OV7670_NIGHT_MODE_AUTO_FR_DIVBY2
                0x000000001fff01ac                OV7670_NIGHT_MODE_AUTO_FR_DIVBY4
                0x000000001fff01b0                OV7670_NIGHT_MODE_AUTO_FR_DIVBY8
                0x000000001fff01b4                OV7670_FILTER_DISABLED
                0x000000001fff01bc                OV7670_FILTER_30FPS_60HZ
                0x000000001fff01c4                OV7670_FILTER_15FPS_60HZ
                0x000000001fff01cc                OV7670_FILTER_25FPS_50HZ
                0x000000001fff01d4                OV7670_FILTER_14FPS_50HZ
                0x000000001fff01dc                OV7670_FILTER_30FPS_60HZ_AUTO_LIGHT_FREQ_DETECT
                0x000000001fff01e4                OV7670_FILTER_15FPS_60HZ_AUTO_LIGHT_FREQ_DETECT
                0x000000001fff01ec                OV7670_FILTER_25FPS_50HZ_AUTO_LIGHT_FREQ_DETECT
                0x000000001fff01f4                OV7670_FILTER_14FPS_50HZ_AUTO_LIGHT_FREQ_DETECT
                0x000000001fff01fc                OV7670_WHITE_BALANCE_DEFAULT
                0x000000001fff0208                OV7670_WHITE_BALANCE_DISABLED
                0x000000001fff0214                OV7670_WHITE_BALANCE_SIMPLE
                0x000000001fff0220                OV7670_LIGHT_MODE_DISABLED
                0x000000001fff0228                OV7670_LIGHT_MODE_AUTO
                0x000000001fff0230                OV7670_LIGHT_MODE_SUNNY
                0x000000001fff0238                OV7670_LIGHT_MODE_CLOUDY
                0x000000001fff0240                OV7670_LIGHT_MODE_OFFICE
                0x000000001fff0248                OV7670_LIGHT_MODE_HOME
                0x000000001fff0250                OV7670_COLOR_SATURATION_4PLUS
                0x000000001fff0258                OV7670_COLOR_SATURATION_3PLUS
                0x000000001fff0260                OV7670_COLOR_SATURATION_2PLUS
                0x000000001fff0268                OV7670_COLOR_SATURATION_1PLUS
                0x000000001fff0270                OV7670_COLOR_SATURATION_0
                0x000000001fff0278                OV7670_COLOR_SATURATION_DEFAULT
                0x000000001fff0280                OV7670_COLOR_SATURATION_1MINUS
                0x000000001fff0288                OV7670_COLOR_SATURATION_2MINUS
                0x000000001fff0290                OV7670_SPECIAL_EFFECT_ANTIQUE
                0x000000001fff0294                OV7670_SPECIAL_EFFECT_SEPHIA
                0x000000001fff0298                OV7670_SPECIAL_EFFECT_BLUISH
                0x000000001fff029c                OV7670_SPECIAL_EFFECT_GREENISH
                0x000000001fff02a0                OV7670_SPECIAL_EFFECT_REDISH
                0x000000001fff02a4                OV7670_SPECIAL_EFFECT_BW
                0x000000001fff02a8                OV7670_SPECIAL_EFFECT_NEGATIVE
                0x000000001fff02ac                OV7670_SPECIAL_EFFECT_BW_NEGATIVE
                0x000000001fff02b0                OV7670_SPECIAL_EFFECT_NORMAL
                0x000000001fff02b4                OV7670_SPECIAL_EFFECT_DISABLED
                0x000000001fff02b8                OV7670_GAMMA_CURVE_SLOPE_DEFAULT
                0x000000001fff02c8                OV7670_GAMMA_CURVE_SLOPE1
 *(.data*)
 .data.__fdlib_version
                0x000000001fff02d8        0x1 /Users/felipeneves/Documents/toolchains/arm-gcc/bin/../lib/gcc/arm-none-eabi/5.3.1/../../../../arm-none-eabi/lib/armv7e-m/fpu/fpv5-sp-d16/libm.a(lib_a-s_lib_ver.o)
                0x000000001fff02d8                __fdlib_version
 *fill*         0x000000001fff02d9        0x7 
 .data.impure_data
                0x000000001fff02e0      0x428 /Users/felipeneves/Documents/toolchains/arm-gcc/bin/../lib/gcc/arm-none-eabi/5.3.1/../../../../arm-none-eabi/lib/armv7e-m/fpu/fpv5-sp-d16/libg.a(lib_a-impure.o)
 .data._impure_ptr
                0x000000001fff0708        0x4 /Users/felipeneves/Documents/toolchains/arm-gcc/bin/../lib/gcc/arm-none-eabi/5.3.1/../../../../arm-none-eabi/lib/armv7e-m/fpu/fpv5-sp-d16/libg.a(lib_a-impure.o)
                0x000000001fff0708                _impure_ptr
 .data.lconv    0x000000001fff070c       0x38 /Users/felipeneves/Documents/toolchains/arm-gcc/bin/../lib/gcc/arm-none-eabi/5.3.1/../../../../arm-none-eabi/lib/armv7e-m/fpu/fpv5-sp-d16/libg.a(lib_a-locale.o)
 .data.__malloc_av_
                0x000000001fff0744      0x408 /Users/felipeneves/Documents/toolchains/arm-gcc/bin/../lib/gcc/arm-none-eabi/5.3.1/../../../../arm-none-eabi/lib/armv7e-m/fpu/fpv5-sp-d16/libg.a(lib_a-mallocr.o)
                0x000000001fff0744                __malloc_av_
 .data.__malloc_trim_threshold
                0x000000001fff0b4c        0x4 /Users/felipeneves/Documents/toolchains/arm-gcc/bin/../lib/gcc/arm-none-eabi/5.3.1/../../../../arm-none-eabi/lib/armv7e-m/fpu/fpv5-sp-d16/libg.a(lib_a-mallocr.o)
                0x000000001fff0b4c                __malloc_trim_threshold
 .data.__malloc_sbrk_base
                0x000000001fff0b50        0x4 /Users/felipeneves/Documents/toolchains/arm-gcc/bin/../lib/gcc/arm-none-eabi/5.3.1/../../../../arm-none-eabi/lib/armv7e-m/fpu/fpv5-sp-d16/libg.a(lib_a-mallocr.o)
                0x000000001fff0b50                __malloc_sbrk_base
 *(.jcr*)
 .jcr           0x000000001fff0b54        0x0 /Users/felipeneves/Documents/toolchains/arm-gcc/bin/../lib/gcc/arm-none-eabi/5.3.1/armv7e-m/fpu/fpv5-sp-d16/crtbegin.o
 .jcr           0x000000001fff0b54        0x4 /Users/felipeneves/Documents/toolchains/arm-gcc/bin/../lib/gcc/arm-none-eabi/5.3.1/armv7e-m/fpu/fpv5-sp-d16/crtend.o
                0x000000001fff0b58                . = ALIGN (0x4)
                0x000000001fff0b58                __data_end__ = .
                0x000000000001b5d0                __DATA_END = (__DATA_ROM + (__data_end__ - __data_start__))
                0x0000000000040000                text_end = (ORIGIN (m_text) + LENGTH (m_text))
                0x0000000000000001                ASSERT ((__DATA_END <= text_end), region m_text overflowed with text and data)
                0x0000000000000800                USB_RAM_GAP = DEFINED (__usb_ram_size__)?__usb_ram_size__:0x800

.igot.plt       0x000000001fff0b58        0x0 load address 0x000000000001b5d0
 .igot.plt      0x000000001fff0b58        0x0 /Users/felipeneves/Documents/toolchains/arm-gcc/bin/../lib/gcc/arm-none-eabi/5.3.1/armv7e-m/fpu/fpv5-sp-d16/crtbegin.o

.bss            0x000000001fff0b60     0x1d18 load address 0x000000000001b5e0
                0x000000001fff0b60                . = ALIGN (0x4)
                0x000000001fff0b60                __START_BSS = .
                0x000000001fff0b60                __bss_start__ = .
 *(.bss)
 .bss           0x000000001fff0b60       0x1c /Users/felipeneves/Documents/toolchains/arm-gcc/bin/../lib/gcc/arm-none-eabi/5.3.1/armv7e-m/fpu/fpv5-sp-d16/crtbegin.o
 .bss           0x000000001fff0b7c      0x164 ../os/Source/tasks.o
                0x000000001fff0b7c                pxCurrentTCB
 .bss           0x000000001fff0ce0       0x38 ../os/Source/timers.o
 .bss           0x000000001fff0d18        0x8 ../os/Source/portable/GCC/ARM_CM4F/port.o
 .bss           0x000000001fff0d20     0x1014 ../os/Source/portable/MemMang/heap_2.o
 .bss           0x000000001fff1d34       0x14 drivers/fsl_dspi.o
 .bss           0x000000001fff1d48       0x80 drivers/fsl_edma.o
 .bss           0x000000001fff1dc8       0x18 drivers/fsl_flexio.o
 .bss           0x000000001fff1de0       0x18 drivers/fsl_i2c.o
 .bss           0x000000001fff1df8       0x18 drivers/fsl_lpuart.o
 .bss           0x000000001fff1e10        0x4 drivers/fsl_sdhc.o
 *fill*         0x000000001fff1e14        0x4 
 .bss           0x000000001fff1e18       0x18 debug_util/fsl_debug_console.o
 .bss           0x000000001fff1e30        0x4 debug_util/fsl_sbrk.o
 .bss           0x000000001fff1e34        0xd motion_estimator.o
                0x000000001fff1e38                current_buffer
                0x000000001fff1e3c                capture_buffer
                0x000000001fff1e40                motion_detected
 *fill*         0x000000001fff1e41       0x1f 
 .bss           0x000000001fff1e60       0x24 ov7670/flexio_ov7670.o
 .bss           0x000000001fff1e84        0xc ov7670/ov7670_driver.o
                0x000000001fff1e84                OV7670_FORMAT_YUV422
                0x000000001fff1e88                OV7670_NIGHT_MODE_DISABLED
 *(.bss*)
 .bss.__malloc_max_total_mem
                0x000000001fff1e90        0x4 /Users/felipeneves/Documents/toolchains/arm-gcc/bin/../lib/gcc/arm-none-eabi/5.3.1/../../../../arm-none-eabi/lib/armv7e-m/fpu/fpv5-sp-d16/libg.a(lib_a-mallocr.o)
                0x000000001fff1e90                __malloc_max_total_mem
 .bss.__malloc_max_sbrked_mem
                0x000000001fff1e94        0x4 /Users/felipeneves/Documents/toolchains/arm-gcc/bin/../lib/gcc/arm-none-eabi/5.3.1/../../../../arm-none-eabi/lib/armv7e-m/fpu/fpv5-sp-d16/libg.a(lib_a-mallocr.o)
                0x000000001fff1e94                __malloc_max_sbrked_mem
 .bss.__malloc_top_pad
                0x000000001fff1e98        0x4 /Users/felipeneves/Documents/toolchains/arm-gcc/bin/../lib/gcc/arm-none-eabi/5.3.1/../../../../arm-none-eabi/lib/armv7e-m/fpu/fpv5-sp-d16/libg.a(lib_a-mallocr.o)
                0x000000001fff1e98                __malloc_top_pad
 .bss.__malloc_current_mallinfo
                0x000000001fff1e9c       0x28 /Users/felipeneves/Documents/toolchains/arm-gcc/bin/../lib/gcc/arm-none-eabi/5.3.1/../../../../arm-none-eabi/lib/armv7e-m/fpu/fpv5-sp-d16/libg.a(lib_a-mallocr.o)
                0x000000001fff1e9c                __malloc_current_mallinfo
                0x000000001fff2000                . = ALIGN (0x200)
 *fill*         0x000000001fff1ec4      0x13c 
                0x000000001fff2000                USB_RAM_START = .
                0x000000001fff2800                . = (. + USB_RAM_GAP)
 *fill*         0x000000001fff2000      0x800 
 *(COMMON)
 COMMON         0x000000001fff2800       0x40 ../os/Source/queue.o
                0x000000001fff2800                xQueueRegistry
 COMMON         0x000000001fff2840        0x8 drivers/fsl_clock.o
                0x000000001fff2840                g_xtal32Freq
                0x000000001fff2844                g_xtal0Freq
 COMMON         0x000000001fff2848        0x8 drivers/fsl_sai.o
                0x000000001fff2848                s_saiHandle
 COMMON         0x000000001fff2850        0x4 debug_util/fsl_debug_console.o
                0x000000001fff2850                debug_mtx
 COMMON         0x000000001fff2854       0x1c motion_estimator.o
                0x000000001fff2854                motion_task
                0x000000001fff2858                agro_params
                0x000000001fff286c                motion_current_time
 COMMON         0x000000001fff2870        0x4 sensor_app.o
                0x000000001fff2870                sensor_ctl